Archive member included to satisfy reference by file (symbol)

C:\CH\CH32V307EVT\EVT\EXAM\ETH\NetLib\libwchnet.a(eth_api.o)
                              ./NetLib/eth_driver_10M.o (WCHNET_PeriodicHandle)
C:\CH\CH32V307EVT\EVT\EXAM\ETH\NetLib\libwchnet.a(ipcheck.o)
                              C:\CH\CH32V307EVT\EVT\EXAM\ETH\NetLib\libwchnet.a(eth_api.o) (IPCheckParaInit)
C:\CH\CH32V307EVT\EVT\EXAM\ETH\NetLib\libwchnet.a(net_dhcp.o)
                              C:\CH\CH32V307EVT\EVT\EXAM\ETH\NetLib\libwchnet.a(eth_api.o) (DHCPCtrl)
C:\CH\CH32V307EVT\EVT\EXAM\ETH\NetLib\libwchnet.a(net_dns.o)
                              C:\CH\CH32V307EVT\EVT\EXAM\ETH\NetLib\libwchnet.a(eth_api.o) (DNSInf)
C:\CH\CH32V307EVT\EVT\EXAM\ETH\NetLib\libwchnet.a(socket.o)
                              C:\CH\CH32V307EVT\EVT\EXAM\ETH\NetLib\libwchnet.a(net_dhcp.o) (ErrorEncode)
C:\CH\CH32V307EVT\EVT\EXAM\ETH\NetLib\libwchnet.a(etharp.o)
                              C:\CH\CH32V307EVT\EVT\EXAM\ETH\NetLib\libwchnet.a(eth_api.o) (etharp_tmr)
C:\CH\CH32V307EVT\EVT\EXAM\ETH\NetLib\libwchnet.a(ethernetif.o)
                              C:\CH\CH32V307EVT\EVT\EXAM\ETH\NetLib\libwchnet.a(eth_api.o) (ethernetif_input)
C:\CH\CH32V307EVT\EVT\EXAM\ETH\NetLib\libwchnet.a(inet.o)
                              C:\CH\CH32V307EVT\EVT\EXAM\ETH\NetLib\libwchnet.a(socket.o) (inet_ntoa)
C:\CH\CH32V307EVT\EVT\EXAM\ETH\NetLib\libwchnet.a(ip.o)
                              C:\CH\CH32V307EVT\EVT\EXAM\ETH\NetLib\libwchnet.a(etharp.o) (ip_input)
C:\CH\CH32V307EVT\EVT\EXAM\ETH\NetLib\libwchnet.a(ip_addr.o)
                              C:\CH\CH32V307EVT\EVT\EXAM\ETH\NetLib\libwchnet.a(socket.o) (ip_addr_isbroadcast)
C:\CH\CH32V307EVT\EVT\EXAM\ETH\NetLib\libwchnet.a(ip_frag.o)
                              C:\CH\CH32V307EVT\EVT\EXAM\ETH\NetLib\libwchnet.a(eth_api.o) (ip_reass_tmr)
C:\CH\CH32V307EVT\EVT\EXAM\ETH\NetLib\libwchnet.a(dhcp.o)
                              C:\CH\CH32V307EVT\EVT\EXAM\ETH\NetLib\libwchnet.a(net_dhcp.o) (dhcp_arp_reply)
C:\CH\CH32V307EVT\EVT\EXAM\ETH\NetLib\libwchnet.a(dns.o)
                              C:\CH\CH32V307EVT\EVT\EXAM\ETH\NetLib\libwchnet.a(dhcp.o) (dns_setserver)
C:\CH\CH32V307EVT\EVT\EXAM\ETH\NetLib\libwchnet.a(init.o)
                              C:\CH\CH32V307EVT\EVT\EXAM\ETH\NetLib\libwchnet.a(ethernetif.o) (lwip_init)
C:\CH\CH32V307EVT\EVT\EXAM\ETH\NetLib\libwchnet.a(mem.o)
                              C:\CH\CH32V307EVT\EVT\EXAM\ETH\NetLib\libwchnet.a(init.o) (mem_init)
C:\CH\CH32V307EVT\EVT\EXAM\ETH\NetLib\libwchnet.a(memp.o)
                              C:\CH\CH32V307EVT\EVT\EXAM\ETH\NetLib\libwchnet.a(init.o) (memp_init)
C:\CH\CH32V307EVT\EVT\EXAM\ETH\NetLib\libwchnet.a(netif.o)
                              C:\CH\CH32V307EVT\EVT\EXAM\ETH\NetLib\libwchnet.a(dhcp.o) (netif_set_ipaddr)
C:\CH\CH32V307EVT\EVT\EXAM\ETH\NetLib\libwchnet.a(pbuf.o)
                              C:\CH\CH32V307EVT\EVT\EXAM\ETH\NetLib\libwchnet.a(socket.o) (pbuf_header)
C:\CH\CH32V307EVT\EVT\EXAM\ETH\NetLib\libwchnet.a(raw.o)
                              C:\CH\CH32V307EVT\EVT\EXAM\ETH\NetLib\libwchnet.a(ip.o) (raw_input)
C:\CH\CH32V307EVT\EVT\EXAM\ETH\NetLib\libwchnet.a(tcp.o)
                              C:\CH\CH32V307EVT\EVT\EXAM\ETH\NetLib\libwchnet.a(socket.o) (tcp_bind)
C:\CH\CH32V307EVT\EVT\EXAM\ETH\NetLib\libwchnet.a(tcp_in.o)
                              C:\CH\CH32V307EVT\EVT\EXAM\ETH\NetLib\libwchnet.a(ip.o) (tcp_input)
C:\CH\CH32V307EVT\EVT\EXAM\ETH\NetLib\libwchnet.a(tcp_out.o)
                              C:\CH\CH32V307EVT\EVT\EXAM\ETH\NetLib\libwchnet.a(tcp.o) (tcp_enqueue)
C:\CH\CH32V307EVT\EVT\EXAM\ETH\NetLib\libwchnet.a(udp.o)
                              C:\CH\CH32V307EVT\EVT\EXAM\ETH\NetLib\libwchnet.a(ip.o) (udp_input)
C:\CH\CH32V307EVT\EVT\EXAM\ETH\NetLib\libwchnet.a(icmp.o)
                              C:\CH\CH32V307EVT\EVT\EXAM\ETH\NetLib\libwchnet.a(ip.o) (icmp_input)
C:\CH\CH32V307EVT\EVT\EXAM\ETH\NetLib\libwchnet.a(inet_chksum.o)
                              C:\CH\CH32V307EVT\EVT\EXAM\ETH\NetLib\libwchnet.a(tcp_in.o) (inet_chksum_pseudo)
c:/mounriver/mounriver_studio/toolchain/risc-v embedded gcc/bin/../lib/gcc/riscv-none-embed/8.2.0/../../../../riscv-none-embed/lib/rv32imacxw/ilp32\libprintf.a(wchprintf.o)
                              ./User/ch32v30x_it.o (printf)
c:/mounriver/mounriver_studio/toolchain/risc-v embedded gcc/bin/../lib/gcc/riscv-none-embed/8.2.0/rv32imacxw/ilp32\libgcc.a(save-restore.o)
                              C:\CH\CH32V307EVT\EVT\EXAM\ETH\NetLib\libwchnet.a(socket.o) (__riscv_save_12)
c:/mounriver/mounriver_studio/toolchain/risc-v embedded gcc/bin/../lib/gcc/riscv-none-embed/8.2.0/../../../../riscv-none-embed/lib/rv32imacxw/ilp32\libg_nano.a(lib_a-atoi.o)
                              ./HTTP/HTTPS.o (atoi)
c:/mounriver/mounriver_studio/toolchain/risc-v embedded gcc/bin/../lib/gcc/riscv-none-embed/8.2.0/../../../../riscv-none-embed/lib/rv32imacxw/ilp32\libg_nano.a(lib_a-memcmp.o)
[...]
Memory Configuration

Name             Origin             Length             Attributes
FLASH            0x0000000000000000 0x0000000000040000 xr
RAM              0x0000000020000000 0x0000000000010000 xrw
*default*        0x0000000000000000 0xffffffffffffffff

Linker script and memory map

LOAD ./User/ch32v30x_it.o
LOAD ./User/main.o
LOAD ./User/system_ch32v30x.o
LOAD ./Startup/startup_ch32v30x_D8C.o
LOAD ./Peripheral/src/ch32v30x_adc.o
LOAD ./Peripheral/src/ch32v30x_bkp.o
LOAD ./Peripheral/src/ch32v30x_can.o
LOAD ./Peripheral/src/ch32v30x_crc.o
LOAD ./Peripheral/src/ch32v30x_dac.o
LOAD ./Peripheral/src/ch32v30x_dbgmcu.o
LOAD ./Peripheral/src/ch32v30x_dma.o
LOAD ./Peripheral/src/ch32v30x_dvp.o
LOAD ./Peripheral/src/ch32v30x_eth.o
LOAD ./Peripheral/src/ch32v30x_exti.o
LOAD ./Peripheral/src/ch32v30x_flash.o
LOAD ./Peripheral/src/ch32v30x_fsmc.o
LOAD ./Peripheral/src/ch32v30x_gpio.o
LOAD ./Peripheral/src/ch32v30x_i2c.o
LOAD ./Peripheral/src/ch32v30x_iwdg.o
LOAD ./Peripheral/src/ch32v30x_misc.o
LOAD ./Peripheral/src/ch32v30x_opa.o
LOAD ./Peripheral/src/ch32v30x_pwr.o
LOAD ./Peripheral/src/ch32v30x_rcc.o
LOAD ./Peripheral/src/ch32v30x_rng.o
LOAD ./Peripheral/src/ch32v30x_rtc.o
LOAD ./Peripheral/src/ch32v30x_sdio.o
LOAD ./Peripheral/src/ch32v30x_spi.o
LOAD ./Peripheral/src/ch32v30x_tim.o
LOAD ./Peripheral/src/ch32v30x_usart.o
LOAD ./Peripheral/src/ch32v30x_wwdg.o
LOAD ./NetLib/eth_driver_10M.o
LOAD ./HTTP/HTTPS.o
LOAD ./Debug/debug.o
LOAD ./Core/core_riscv.o
LOAD c:/mounriver/mounriver_studio/toolchain/risc-v embedded gcc/bin/../lib/gcc/riscv-none-embed/8.2.0/../../../../riscv-none-embed/lib/rv32imacxw/ilp32\libm.a
LOAD C:\CH\CH32V307EVT\EVT\EXAM\ETH\NetLib\libwchnet.a
LOAD c:/mounriver/mounriver_studio/toolchain/risc-v embedded gcc/bin/../lib/gcc/riscv-none-embed/8.2.0/../../../../riscv-none-embed/lib/rv32imacxw/ilp32\libprintf.a
LOAD c:/mounriver/mounriver_studio/toolchain/risc-v embedded gcc/bin/../lib/gcc/riscv-none-embed/8.2.0/rv32imacxw/ilp32\libgcc.a
LOAD c:/mounriver/mounriver_studio/toolchain/risc-v embedded gcc/bin/../lib/gcc/riscv-none-embed/8.2.0/../../../../riscv-none-embed/lib/rv32imacxw/ilp32\libg_nano.a
LOAD c:/mounriver/mounriver_studio/toolchain/risc-v embedded gcc/bin/../lib/gcc/riscv-none-embed/8.2.0/../../../../riscv-none-embed/lib/rv32imacxw/ilp32\libc_nano.a
LOAD c:/mounriver/mounriver_studio/toolchain/risc-v embedded gcc/bin/../lib/gcc/riscv-none-embed/8.2.0/rv32imacxw/ilp32\libgcc.a
START GROUP
LOAD c:/mounriver/mounriver_studio/toolchain/risc-v embedded gcc/bin/../lib/gcc/riscv-none-embed/8.2.0/rv32imacxw/ilp32\libgcc.a
LOAD c:/mounriver/mounriver_studio/toolchain/risc-v embedded gcc/bin/../lib/gcc/riscv-none-embed/8.2.0/../../../../riscv-none-embed/lib/rv32imacxw/ilp32\libc_nano.a
LOAD c:/mounriver/mounriver_studio/toolchain/risc-v embedded gcc/bin/../lib/gcc/riscv-none-embed/8.2.0/../../../../riscv-none-embed/lib/rv32imacxw/ilp32\libnosys.a
END GROUP
START GROUP
LOAD c:/mounriver/mounriver_studio/toolchain/risc-v embedded gcc/bin/../lib/gcc/riscv-none-embed/8.2.0/rv32imacxw/ilp32\libgcc.a
LOAD c:/mounriver/mounriver_studio/toolchain/risc-v embedded gcc/bin/../lib/gcc/riscv-none-embed/8.2.0/../../../../riscv-none-embed/lib/rv32imacxw/ilp32\libc_nano.a
LOAD c:/mounriver/mounriver_studio/toolchain/risc-v embedded gcc/bin/../lib/gcc/riscv-none-embed/8.2.0/../../../../riscv-none-embed/lib/rv32imacxw/ilp32\libnosys.a
END GROUP
                0x0000000000000800                __stack_size = 0x800
                [!provide]                        PROVIDE (_stack_size = __stack_size)

.init           0x0000000000000000        0x4
                0x0000000000000000                _sinit = .
                0x0000000000000000                . = ALIGN (0x4)
 *(SORT_NONE(.init))
 .init          0x0000000000000000        0x4 ./Startup/startup_ch32v30x_D8C.o
                0x0000000000000000                _start
                0x0000000000000004                . = ALIGN (0x4)
                0x0000000000000004                _einit = .

.vector         0x0000000000000004      0x1bc
 *(.vector)
 .vector        0x0000000000000004      0x1a0 ./Startup/startup_ch32v30x_D8C.o
                0x00000000000001c0                . = ALIGN (0x40)
 *fill*         0x00000000000001a4       0x1c 

.text           0x00000000000001c0    0x12c88
                0x00000000000001c0                . = ALIGN (0x4)
 *(.text)
 .text          0x00000000000001c0       0x60 c:/mounriver/mounriver_studio/toolchain/risc-v embedded gcc/bin/../lib/gcc/riscv-none-embed/8.2.0/rv32imacxw/ilp32\libgcc.a(save-restore.o)
                0x00000000000001c0                __riscv_save_12
                0x00000000000001c8                __riscv_save_9
                0x00000000000001c8                __riscv_save_11
                0x00000000000001c8                __riscv_save_10
                0x00000000000001c8                __riscv_save_8
                0x00000000000001d6                __riscv_save_4
                0x00000000000001d6                __riscv_save_6
                0x00000000000001d6                __riscv_save_5
                0x00000000000001d6                __riscv_save_7
                0x00000000000001f0                __riscv_save_3
                0x00000000000001f0                __riscv_save_2
                0x00000000000001f0                __riscv_save_1
                0x00000000000001f0                __riscv_save_0
                0x00000000000001fc                __riscv_restore_12
                0x0000000000000200                __riscv_restore_11
                0x0000000000000200                __riscv_restore_9
                0x0000000000000200                __riscv_restore_10
                0x0000000000000200                __riscv_restore_8
                0x000000000000020a                __riscv_restore_5
                0x000000000000020a                __riscv_restore_7
                0x000000000000020a                __riscv_restore_6
                0x000000000000020a                __riscv_restore_4
                0x0000000000000214                __riscv_restore_3
                0x0000000000000214                __riscv_restore_0
                0x0000000000000214                __riscv_restore_2
                0x0000000000000214                __riscv_restore_1
 .text          0x0000000000000220       0xa8 c:/mounriver/mounriver_studio/toolchain/risc-v embedded gcc/bin/../lib/gcc/riscv-none-embed/8.2.0/../../../../riscv-none-embed/lib/rv32imacxw/ilp32\libg_nano.a(lib_a-memset.o)
                0x0000000000000220                memset
 .text          0x00000000000002c8      0x11a c:/mounriver/mounriver_studio/toolchain/risc-v embedded gcc/bin/../lib/gcc/riscv-none-embed/8.2.0/../../../../riscv-none-embed/lib/rv32imacxw/ilp32\libg_nano.a(lib_a-strcmp.o)
                0x00000000000002c8                strcmp
 *(.text.*)
 .text.NMI_Handler
                0x00000000000003e2        0x4 ./User/ch32v30x_it.o
                0x00000000000003e2                NMI_Handler
 .text.HardFault_Handler
                0x00000000000003e6       0x44 ./User/ch32v30x_it.o
                0x00000000000003e6                HardFault_Handler
 .text.EXTI9_5_IRQHandler
                0x000000000000042a       0x54 ./User/ch32v30x_it.o
                0x000000000000042a                EXTI9_5_IRQHandler
 .text.ETH_IRQHandler
                0x000000000000047e        0x8 ./User/ch32v30x_it.o
                0x000000000000047e                ETH_IRQHandler
 .text.TIM2_IRQHandler
                0x0000000000000486       0x14 ./User/ch32v30x_it.o
                0x0000000000000486                TIM2_IRQHandler
 .text.mStopIfError
                0x000000000000049a       0x18 ./User/main.o
                0x000000000000049a                mStopIfError
 .text.TIM2_Init
                0x00000000000004b2       0x70 ./User/main.o
                0x00000000000004b2                TIM2_Init
 .text.WCHNET_CreateTcpSocketListen
                0x0000000000000522       0x48 ./User/main.o
                0x0000000000000522                WCHNET_CreateTcpSocketListen
 .text.WCHNET_CreateCfgSocket
                0x000000000000056a       0xa8 ./User/main.o
                0x000000000000056a                WCHNET_CreateCfgSocket
 .text.WCHNET_RestoreDefaults
                0x0000000000000612       0x5a ./User/main.o
                0x0000000000000612                WCHNET_RestoreDefaults
 .text.WCHNET_HandleSockInt
                0x000000000000066c       0xd6 ./User/main.o
                0x000000000000066c                WCHNET_HandleSockInt
 .text.WCHNET_HandleGlobalInt
                0x0000000000000742       0x6e ./User/main.o
                0x0000000000000742                WCHNET_HandleGlobalInt
 .text.GPIOInit
                0x00000000000007b0       0x32 ./User/main.o
                0x00000000000007b0                GPIOInit
 .text.startup.main
                0x00000000000007e2      0x238 ./User/main.o
                0x00000000000007e2                main
 .text.SystemInit
                0x0000000000000a1a       0xfa ./User/system_ch32v30x.o
                0x0000000000000a1a                SystemInit
 .text.SystemCoreClockUpdate
                0x0000000000000b14      0x12e ./User/system_ch32v30x.o
                0x0000000000000b14                SystemCoreClockUpdate
 .text.vector_handler
                0x0000000000000c42        0x2 ./Startup/startup_ch32v30x_D8C.o
                0x0000000000000c42                EXTI2_IRQHandler
                0x0000000000000c42                TIM8_TRG_COM_IRQHandler
                0x0000000000000c42                TIM8_CC_IRQHandler
                0x0000000000000c42                UART8_IRQHandler
                0x0000000000000c42                TIM1_CC_IRQHandler
                0x0000000000000c42                TIM6_IRQHandler
                0x0000000000000c42                SysTick_Handler
                0x0000000000000c42                PVD_IRQHandler
                0x0000000000000c42                SDIO_IRQHandler
                0x0000000000000c42                TIM9_BRK_IRQHandler
                0x0000000000000c42                DMA2_Channel8_IRQHandler
                0x0000000000000c42                CAN2_RX1_IRQHandler
                0x0000000000000c42                EXTI3_IRQHandler
                0x0000000000000c42                USBHS_IRQHandler
                0x0000000000000c42                DMA2_Channel9_IRQHandler
                0x0000000000000c42                TIM10_CC_IRQHandler
                0x0000000000000c42                EXTI0_IRQHandler
                0x0000000000000c42                I2C2_EV_IRQHandler
                0x0000000000000c42                TIM10_TRG_COM_IRQHandler
                0x0000000000000c42                CAN2_SCE_IRQHandler
                0x0000000000000c42                ADC1_2_IRQHandler
                0x0000000000000c42                Break_Point_Handler
                0x0000000000000c42                SPI1_IRQHandler
                0x0000000000000c42                TAMPER_IRQHandler
                0x0000000000000c42                CAN2_RX0_IRQHandler
                0x0000000000000c42                TIM8_UP_IRQHandler
                0x0000000000000c42                Ecall_M_Mode_Handler
                0x0000000000000c42                DMA2_Channel2_IRQHandler
                0x0000000000000c42                DMA1_Channel4_IRQHandler
                0x0000000000000c42                TIM9_UP_IRQHandler
                0x0000000000000c42                USART3_IRQHandler
                0x0000000000000c42                RTC_IRQHandler
                0x0000000000000c42                DMA1_Channel7_IRQHandler
                0x0000000000000c42                CAN1_RX1_IRQHandler
                0x0000000000000c42                DVP_IRQHandler
                0x0000000000000c42                UART5_IRQHandler
                0x0000000000000c42                TIM4_IRQHandler
                0x0000000000000c42                DMA2_Channel1_IRQHandler
                0x0000000000000c42                I2C1_EV_IRQHandler
                0x0000000000000c42                DMA1_Channel6_IRQHandler
                0x0000000000000c42                UART4_IRQHandler
                0x0000000000000c42                DMA2_Channel4_IRQHandler
                0x0000000000000c42                TIM3_IRQHandler
                0x0000000000000c42                RCC_IRQHandler
                0x0000000000000c42                TIM1_TRG_COM_IRQHandler
                0x0000000000000c42                DMA1_Channel1_IRQHandler
                0x0000000000000c42                DMA2_Channel7_IRQHandler
                0x0000000000000c42                EXTI15_10_IRQHandler
                0x0000000000000c42                TIM7_IRQHandler
                0x0000000000000c42                CAN2_TX_IRQHandler
                0x0000000000000c42                TIM5_IRQHandler
                0x0000000000000c42                ETH_WKUP_IRQHandler
                0x0000000000000c42                SPI2_IRQHandler
                0x0000000000000c42                TIM10_BRK_IRQHandler
                0x0000000000000c42                TIM9_CC_IRQHandler
                0x0000000000000c42                DMA2_Channel5_IRQHandler
                0x0000000000000c42                DMA1_Channel5_IRQHandler
                0x0000000000000c42                EXTI4_IRQHandler
                0x0000000000000c42                USB_LP_CAN1_RX0_IRQHandler
                0x0000000000000c42                RNG_IRQHandler
                0x0000000000000c42                USB_HP_CAN1_TX_IRQHandler
                0x0000000000000c42                DMA1_Channel3_IRQHandler
                0x0000000000000c42                FSMC_IRQHandler
                0x0000000000000c42                TIM1_UP_IRQHandler
                0x0000000000000c42                WWDG_IRQHandler
                0x0000000000000c42                USBHSWakeup_IRQHandler
                0x0000000000000c42                DMA2_Channel11_IRQHandler
                0x0000000000000c42                Ecall_U_Mode_Handler
                0x0000000000000c42                DMA2_Channel6_IRQHandler
                0x0000000000000c42                SW_Handler
                0x0000000000000c42                TIM1_BRK_IRQHandler
                0x0000000000000c42                DMA2_Channel10_IRQHandler
                0x0000000000000c42                EXTI1_IRQHandler
                0x0000000000000c42                RTCAlarm_IRQHandler
                0x0000000000000c42                TIM10_UP_IRQHandler
                0x0000000000000c42                TIM9_TRG_COM_IRQHandler
                0x0000000000000c42                UART7_IRQHandler
                0x0000000000000c42                USART2_IRQHandler
                0x0000000000000c42                UART6_IRQHandler
                0x0000000000000c42                I2C2_ER_IRQHandler
                0x0000000000000c42                DMA1_Channel2_IRQHandler
                0x0000000000000c42                TIM8_BRK_IRQHandler
                0x0000000000000c42                CAN1_SCE_IRQHandler
                0x0000000000000c42                FLASH_IRQHandler
                0x0000000000000c42                USART1_IRQHandler
                0x0000000000000c42                OTG_FS_IRQHandler
                0x0000000000000c42                SPI3_IRQHandler
                0x0000000000000c42                I2C1_ER_IRQHandler
                0x0000000000000c42                USBWakeUp_IRQHandler
                0x0000000000000c42                DMA2_Channel3_IRQHandler
 .text.handle_reset
                0x0000000000000c44       0x8e ./Startup/startup_ch32v30x_D8C.o
                0x0000000000000c44                handle_reset
 .text.DBGMCU_GetCHIPID
                0x0000000000000cd2        0xa ./Peripheral/src/ch32v30x_dbgmcu.o
                0x0000000000000cd2                DBGMCU_GetCHIPID
 .text.ETH_DeInit
                0x0000000000000cdc       0x14 ./Peripheral/src/ch32v30x_eth.o
                0x0000000000000cdc                ETH_DeInit
 .text.ETH_StructInit
                0x0000000000000cf0       0xd8 ./Peripheral/src/ch32v30x_eth.o
                0x0000000000000cf0                ETH_StructInit
 .text.ETH_ReadPHYRegister
                0x0000000000000dc8       0x58 ./Peripheral/src/ch32v30x_eth.o
                0x0000000000000dc8                ETH_ReadPHYRegister
 .text.ETH_WritePHYRegister
                0x0000000000000e20       0x52 ./Peripheral/src/ch32v30x_eth.o
                0x0000000000000e20                ETH_WritePHYRegister
 .text.ETH_DMATxDescChainInit
                0x0000000000000e72       0x42 ./Peripheral/src/ch32v30x_eth.o
                0x0000000000000e72                ETH_DMATxDescChainInit
 .text.ETH_DMARxDescChainInit
                0x0000000000000eb4       0x4c ./Peripheral/src/ch32v30x_eth.o
                0x0000000000000eb4                ETH_DMARxDescChainInit
 .text.ETH_SoftwareReset
                0x0000000000000f00        0xe ./Peripheral/src/ch32v30x_eth.o
                0x0000000000000f00                ETH_SoftwareReset
 .text.ETH_DMAClearITPendingBit
                0x0000000000000f0e        0x8 ./Peripheral/src/ch32v30x_eth.o
                0x0000000000000f0e                ETH_DMAClearITPendingBit
 .text.ETH_FlushTransmitFIFO
                0x0000000000000f16       0x10 ./Peripheral/src/ch32v30x_eth.o
                0x0000000000000f16                ETH_FlushTransmitFIFO
 .text.ETH_Start
                0x0000000000000f26       0x32 ./Peripheral/src/ch32v30x_eth.o
                0x0000000000000f26                ETH_Start
 .text.ETH_DMAITConfig
                0x0000000000000f58       0x1e ./Peripheral/src/ch32v30x_eth.o
                0x0000000000000f58                ETH_DMAITConfig
 .text.EXTI_ClearITPendingBit
                0x0000000000000f76        0xa ./Peripheral/src/ch32v30x_exti.o
                0x0000000000000f76                EXTI_ClearITPendingBit
 .text.FLASH_Unlock
                0x0000000000000f80       0x1a ./Peripheral/src/ch32v30x_flash.o
                0x0000000000000f80                FLASH_Unlock
 .text.FLASH_Lock
                0x0000000000000f9a        0xe ./Peripheral/src/ch32v30x_flash.o
                0x0000000000000f9a                FLASH_Lock
 .text.FLASH_GetBank1Status
                0x0000000000000fa8       0x18 ./Peripheral/src/ch32v30x_flash.o
                0x0000000000000fa8                FLASH_GetBank1Status
 .text.FLASH_WaitForLastOperation
                0x0000000000000fc0       0x20 ./Peripheral/src/ch32v30x_flash.o
                0x0000000000000fc0                FLASH_WaitForLastOperation
 .text.FLASH_ProgramWord
                0x0000000000000fe0       0x4e ./Peripheral/src/ch32v30x_flash.o
                0x0000000000000fe0                FLASH_ProgramWord
 .text.FLASH_Unlock_Fast
                0x000000000000102e       0x1e ./Peripheral/src/ch32v30x_flash.o
                0x000000000000102e                FLASH_Unlock_Fast
 .text.FLASH_Lock_Fast
                0x000000000000104c        0xe ./Peripheral/src/ch32v30x_flash.o
                0x000000000000104c                FLASH_Lock_Fast
 .text.FLASH_ErasePage_Fast
                0x000000000000105a       0x2e ./Peripheral/src/ch32v30x_flash.o
                0x000000000000105a                FLASH_ErasePage_Fast
 .text.GPIO_Init
                0x0000000000001088       0xc0 ./Peripheral/src/ch32v30x_gpio.o
                0x0000000000001088                GPIO_Init
 .text.GPIO_ReadInputDataBit
                0x0000000000001148        0xa ./Peripheral/src/ch32v30x_gpio.o
                0x0000000000001148                GPIO_ReadInputDataBit
 .text.GPIO_SetBits
                0x0000000000001152        0x4 ./Peripheral/src/ch32v30x_gpio.o
                0x0000000000001152                GPIO_SetBits
 .text.GPIO_ResetBits
                0x0000000000001156        0x4 ./Peripheral/src/ch32v30x_gpio.o
                0x0000000000001156                GPIO_ResetBits
 .text.RCC_GetClocksFreq
                0x000000000000115a      0x176 ./Peripheral/src/ch32v30x_rcc.o
                0x000000000000115a                RCC_GetClocksFreq
 .text.RCC_AHBPeriphClockCmd
                0x00000000000012d0       0x1e ./Peripheral/src/ch32v30x_rcc.o
                0x00000000000012d0                RCC_AHBPeriphClockCmd
 .text.RCC_APB2PeriphClockCmd
                0x00000000000012ee       0x1e ./Peripheral/src/ch32v30x_rcc.o
                0x00000000000012ee                RCC_APB2PeriphClockCmd
 .text.RCC_APB1PeriphClockCmd
                0x000000000000130c       0x1e ./Peripheral/src/ch32v30x_rcc.o
                0x000000000000130c                RCC_APB1PeriphClockCmd
 .text.RCC_GetFlagStatus
                0x000000000000132a       0x2e ./Peripheral/src/ch32v30x_rcc.o
                0x000000000000132a                RCC_GetFlagStatus
 .text.RCC_PREDIV2Config
                0x0000000000001358       0x10 ./Peripheral/src/ch32v30x_rcc.o
                0x0000000000001358                RCC_PREDIV2Config
 .text.RCC_PLL3Config
                0x0000000000001368       0x12 ./Peripheral/src/ch32v30x_rcc.o
                0x0000000000001368                RCC_PLL3Config
 .text.RCC_PLL3Cmd
                0x000000000000137a       0x24 ./Peripheral/src/ch32v30x_rcc.o
                0x000000000000137a                RCC_PLL3Cmd
 .text.RCC_AHBPeriphResetCmd
                0x000000000000139e       0x1e ./Peripheral/src/ch32v30x_rcc.o
                0x000000000000139e                RCC_AHBPeriphResetCmd
 .text.TIM_TimeBaseInit
                0x00000000000013bc       0xaa ./Peripheral/src/ch32v30x_tim.o
                0x00000000000013bc                TIM_TimeBaseInit
 .text.TIM_Cmd  0x0000000000001466       0x18 ./Peripheral/src/ch32v30x_tim.o
                0x0000000000001466                TIM_Cmd
 .text.TIM_ITConfig
                0x000000000000147e       0x12 ./Peripheral/src/ch32v30x_tim.o
                0x000000000000147e                TIM_ITConfig
 .text.TIM_ClearITPendingBit
                0x0000000000001490        0xc ./Peripheral/src/ch32v30x_tim.o
                0x0000000000001490                TIM_ClearITPendingBit
 .text.USART_Init
                0x000000000000149c       0xba ./Peripheral/src/ch32v30x_usart.o
                0x000000000000149c                USART_Init
 .text.USART_Cmd
                0x0000000000001556       0x16 ./Peripheral/src/ch32v30x_usart.o
                0x0000000000001556                USART_Cmd
 .text.USART_SendData
                0x000000000000156c        0x8 ./Peripheral/src/ch32v30x_usart.o
                0x000000000000156c                USART_SendData
 .text.USART_GetFlagStatus
                0x0000000000001574        0xa ./Peripheral/src/ch32v30x_usart.o
                0x0000000000001574                USART_GetFlagStatus
 .text.ETH_TxPktChainMode
                0x000000000000157e       0x40 ./NetLib/eth_driver_10M.o
                0x000000000000157e                ETH_TxPktChainMode
 .text.ETH_LedDataSet
                0x00000000000015be       0x1e ./NetLib/eth_driver_10M.o
                0x00000000000015be                ETH_LedDataSet
 .text.ETH_LedLinkSet
                0x00000000000015dc       0x1e ./NetLib/eth_driver_10M.o
                0x00000000000015dc                ETH_LedLinkSet
 .text.WCHNET_TimeIsr
                0x00000000000015fa        0xc ./NetLib/eth_driver_10M.o
                0x00000000000015fa                WCHNET_TimeIsr
 .text.WCHNET_PhyPNProcess
                0x0000000000001606       0xa8 ./NetLib/eth_driver_10M.o
                0x0000000000001606                WCHNET_PhyPNProcess
 .text.WCHNET_LinkProcess
                0x00000000000016ae      0x328 ./NetLib/eth_driver_10M.o
                0x00000000000016ae                WCHNET_LinkProcess
 .text.WCHNET_HandlePhyNegotiation
                0x00000000000019d6      0x18e ./NetLib/eth_driver_10M.o
                0x00000000000019d6                WCHNET_HandlePhyNegotiation
 .text.ETH_LedConfiguration
                0x0000000000001b64       0x44 ./NetLib/eth_driver_10M.o
                0x0000000000001b64                ETH_LedConfiguration
 .text.ETH_SetClock
                0x0000000000001ba8       0x2a ./NetLib/eth_driver_10M.o
                0x0000000000001ba8                ETH_SetClock
 .text.ETH_PHYLink
                0x0000000000001bd2      0x108 ./NetLib/eth_driver_10M.o
                0x0000000000001bd2                ETH_PHYLink
 .text.ReInitMACReg
                0x0000000000001cda      0x29e ./NetLib/eth_driver_10M.o
                0x0000000000001cda                ReInitMACReg
 .text.WCHNET_RecProcess
                0x0000000000001f78       0x2c ./NetLib/eth_driver_10M.o
                0x0000000000001f78                WCHNET_RecProcess
 .text.WCHNET_MainTask
                0x0000000000001fa4       0x16 ./NetLib/eth_driver_10M.o
                0x0000000000001fa4                WCHNET_MainTask
 .text.ETH_RegInit
                0x0000000000001fba      0x118 ./NetLib/eth_driver_10M.o
                0x0000000000001fba                ETH_RegInit
 .text.ETH_Configuration
                0x00000000000020d2       0xea ./NetLib/eth_driver_10M.o
                0x00000000000020d2                ETH_Configuration
 .text.WCHNET_ETHIsr
                0x00000000000021bc       0x7e ./NetLib/eth_driver_10M.o
                0x00000000000021bc                WCHNET_ETHIsr
 .text.ETH_Init
                0x000000000000223a       0x90 ./NetLib/eth_driver_10M.o
                0x000000000000223a                ETH_Init
 .text.ETH_LibInit
                0x00000000000022ca       0x84 ./NetLib/eth_driver_10M.o
                0x00000000000022ca                ETH_LibInit
 .text.Data_Send.part.1
                0x000000000000234e       0x32 ./HTTP/HTTPS.o
 .text.ParseHttpRequest
                0x0000000000002380       0x9e ./HTTP/HTTPS.o
                0x0000000000002380                ParseHttpRequest
 .text.ParseURLType
                0x000000000000241e       0x82 ./HTTP/HTTPS.o
                0x000000000000241e                ParseURLType
 .text.MakeHttpResponse
                0x00000000000024a0       0xa6 ./HTTP/HTTPS.o
                0x00000000000024a0                MakeHttpResponse
 .text.DataLocate
                0x0000000000002546       0x1c ./HTTP/HTTPS.o
                0x0000000000002546                DataLocate
 .text.ASCToDec
                0x0000000000002562       0x4c ./HTTP/HTTPS.o
                0x0000000000002562                ASCToDec
 .text.URLDecode
                0x00000000000025ae       0x84 ./HTTP/HTTPS.o
                0x00000000000025ae                URLDecode
 .text.Refresh_Html
                0x0000000000002632       0xe4 ./HTTP/HTTPS.o
                0x0000000000002632                Refresh_Html
 .text.copy_flash
                0x0000000000002716       0x2c ./HTTP/HTTPS.o
                0x0000000000002716                copy_flash
 .text.WEB_ERASE
                0x0000000000002742       0x2a ./HTTP/HTTPS.o
                0x0000000000002742                WEB_ERASE
 .text.WEB_WRITE
                0x000000000000276c       0x40 ./HTTP/HTTPS.o
                0x000000000000276c                WEB_WRITE
 .text.Refresh_Basic
                0x00000000000027ac      0x26a ./HTTP/HTTPS.o
                0x00000000000027ac                Refresh_Basic
 .text.Refresh_Port
                0x0000000000002a16      0x1f8 ./HTTP/HTTPS.o
                0x0000000000002a16                Refresh_Port
 .text.Refresh_Login
                0x0000000000002c0e       0xde ./HTTP/HTTPS.o
                0x0000000000002c0e                Refresh_Login
 .text.WEB_READ
                0x0000000000002cec       0x18 ./HTTP/HTTPS.o
                0x0000000000002cec                WEB_READ
 .text.Init_Para_Tab
                0x0000000000002d04      0x2ac ./HTTP/HTTPS.o
                0x0000000000002d04                Init_Para_Tab
 .text.strFind  0x0000000000002fb0       0x52 ./HTTP/HTTPS.o
                0x0000000000002fb0                strFind
 .text.Web_Server
                0x0000000000003002      0x3ec ./HTTP/HTTPS.o
                0x0000000000003002                Web_Server
 .text.Delay_Init
                0x00000000000033ee       0x2a ./Debug/debug.o
                0x00000000000033ee                Delay_Init
 .text.Delay_Us
                0x0000000000003418       0x36 ./Debug/debug.o
                0x0000000000003418                Delay_Us
 .text.Delay_Ms
                0x000000000000344e       0x36 ./Debug/debug.o
                0x000000000000344e                Delay_Ms
 .text.USART_Printf_Init
                0x0000000000003484       0x5a ./Debug/debug.o
                0x0000000000003484                USART_Printf_Init
 .text._write   0x00000000000034de       0x3e ./Debug/debug.o
                0x00000000000034de                _write
 .text._sbrk    0x000000000000351c       0x2a ./Debug/debug.o
                0x000000000000351c                _sbrk
 .text.__get_MEPC
                0x0000000000003546        0x6 ./Core/core_riscv.o
                0x0000000000003546                __get_MEPC
 .text.__get_MCAUSE
                0x000000000000354c        0x6 ./Core/core_riscv.o
                0x000000000000354c                __get_MCAUSE
 .text.__get_MTVAL
                0x0000000000003552        0x6 ./Core/core_riscv.o
                0x0000000000003552                __get_MTVAL
 .text.WCHNET_PeriodicHandle
                0x0000000000003558      0x1b8 C:\CH\CH32V307EVT\EVT\EXAM\ETH\NetLib\libwchnet.a(eth_api.o)
                0x0000000000003558                WCHNET_PeriodicHandle
 .text.WCHNET_NetInput
                0x0000000000003710       0x14 C:\CH\CH32V307EVT\EVT\EXAM\ETH\NetLib\libwchnet.a(eth_api.o)
                0x0000000000003710                WCHNET_NetInput
 .text.WCHNET_PhyStatus
                0x0000000000003724       0x4e C:\CH\CH32V307EVT\EVT\EXAM\ETH\NetLib\libwchnet.a(eth_api.o)
                0x0000000000003724                WCHNET_PhyStatus
 .text.WCHNET_Rx
                0x0000000000003772       0x96 C:\CH\CH32V307EVT\EVT\EXAM\ETH\NetLib\libwchnet.a(eth_api.o)
                0x0000000000003772                WCHNET_Rx
 .text.setRxBuffAddr
                0x0000000000003808       0x12 C:\CH\CH32V307EVT\EVT\EXAM\ETH\NetLib\libwchnet.a(eth_api.o)
                0x0000000000003808                setRxBuffAddr
 .text.WCHNET_Tx
                0x000000000000381a       0x32 C:\CH\CH32V307EVT\EVT\EXAM\ETH\NetLib\libwchnet.a(eth_api.o)
                0x000000000000381a                WCHNET_Tx
 .text.getTxBuffAddr
                0x000000000000384c       0x4c C:\CH\CH32V307EVT\EVT\EXAM\ETH\NetLib\libwchnet.a(eth_api.o)
                0x000000000000384c                getTxBuffAddr
 .text.IPCheckParaInit
                0x0000000000003898       0x1e C:\CH\CH32V307EVT\EVT\EXAM\ETH\NetLib\libwchnet.a(ipcheck.o)
                0x0000000000003898                IPCheckParaInit
 .text.SelIPARPSend
                0x00000000000038b6       0x38 C:\CH\CH32V307EVT\EVT\EXAM\ETH\NetLib\libwchnet.a(ipcheck.o)
                0x00000000000038b6                SelIPARPSend
 .text.IPCheckTmr
                0x00000000000038ee       0x42 C:\CH\CH32V307EVT\EVT\EXAM\ETH\NetLib\libwchnet.a(ipcheck.o)
                0x00000000000038ee                IPCheckTmr
 .text.IPConflictHandle
                0x0000000000003930       0x2e C:\CH\CH32V307EVT\EVT\EXAM\ETH\NetLib\libwchnet.a(ipcheck.o)
                0x0000000000003930                IPConflictHandle
 .text.NET_TCPError
                0x000000000000395e        0x2 C:\CH\CH32V307EVT\EVT\EXAM\ETH\NetLib\libwchnet.a(socket.o)
                0x000000000000395e                NET_TCPError
 .text.LwipTCPSendCallBack
                0x0000000000003960       0x3e C:\CH\CH32V307EVT\EVT\EXAM\ETH\NetLib\libwchnet.a(socket.o)
                0x0000000000003960                LwipTCPSendCallBack
 .text.LwipTCPPollCallBack
                0x000000000000399e        0x4 C:\CH\CH32V307EVT\EVT\EXAM\ETH\NetLib\libwchnet.a(socket.o)
                0x000000000000399e                LwipTCPPollCallBack
 .text.SocketIPRAWReceive
                0x00000000000039a2       0xc0 C:\CH\CH32V307EVT\EVT\EXAM\ETH\NetLib\libwchnet.a(socket.o)
                0x00000000000039a2                SocketIPRAWReceive
 .text.SocketUdpReceive
                0x0000000000003a62       0xd6 C:\CH\CH32V307EVT\EVT\EXAM\ETH\NetLib\libwchnet.a(socket.o)
                0x0000000000003a62                SocketUdpReceive
 .text.WCHSocketTCPReceive
                0x0000000000003b38       0xdc C:\CH\CH32V307EVT\EVT\EXAM\ETH\NetLib\libwchnet.a(socket.o)
                0x0000000000003b38                WCHSocketTCPReceive
 .text.LwipTcpConnectedCallBack
                0x0000000000003c14       0x42 C:\CH\CH32V307EVT\EVT\EXAM\ETH\NetLib\libwchnet.a(socket.o)
                0x0000000000003c14                LwipTcpConnectedCallBack
 .text.WCHTCPServerAccept
                0x0000000000003c56       0xc6 C:\CH\CH32V307EVT\EVT\EXAM\ETH\NetLib\libwchnet.a(socket.o)
                0x0000000000003c56                WCHTCPServerAccept
 .text.ErrorEncode
                0x0000000000003d1c       0x1a C:\CH\CH32V307EVT\EVT\EXAM\ETH\NetLib\libwchnet.a(socket.o)
                0x0000000000003d1c                ErrorEncode
 .text.WCHSocketInit
                0x0000000000003d36       0x4c C:\CH\CH32V307EVT\EVT\EXAM\ETH\NetLib\libwchnet.a(socket.o)
                0x0000000000003d36                WCHSocketInit
 .text.WCHNET_Init
                0x0000000000003d82       0xac C:\CH\CH32V307EVT\EVT\EXAM\ETH\NetLib\libwchnet.a(socket.o)
                0x0000000000003d82                WCHNET_Init
 .text.WCHNET_ConfigLIB
                0x0000000000003e2e      0x130 C:\CH\CH32V307EVT\EVT\EXAM\ETH\NetLib\libwchnet.a(socket.o)
                0x0000000000003e2e                WCHNET_ConfigLIB
 .text.WCHNET_GetVer
                0x0000000000003f5e        0x4 C:\CH\CH32V307EVT\EVT\EXAM\ETH\NetLib\libwchnet.a(socket.o)
                0x0000000000003f5e                WCHNET_GetVer
 .text.WCHFindCorrectTCBPcb
                0x0000000000003f62       0x5e C:\CH\CH32V307EVT\EVT\EXAM\ETH\NetLib\libwchnet.a(socket.o)
                0x0000000000003f62                WCHFindCorrectTCBPcb
 .text.WCHNET_SocketCreat
                0x0000000000003fc0      0x1d2 C:\CH\CH32V307EVT\EVT\EXAM\ETH\NetLib\libwchnet.a(socket.o)
                0x0000000000003fc0                WCHNET_SocketCreat
 .text.tcp_recved_socket
                0x0000000000004192       0x4a C:\CH\CH32V307EVT\EVT\EXAM\ETH\NetLib\libwchnet.a(socket.o)
                0x0000000000004192                tcp_recved_socket
 .text.WCHNET_ModifyRecvBuf
                0x00000000000041dc       0x52 C:\CH\CH32V307EVT\EVT\EXAM\ETH\NetLib\libwchnet.a(socket.o)
                0x00000000000041dc                WCHNET_ModifyRecvBuf
 .text.WCHNET_SocketRecv
                0x000000000000422e       0xe8 C:\CH\CH32V307EVT\EVT\EXAM\ETH\NetLib\libwchnet.a(socket.o)
                0x000000000000422e                WCHNET_SocketRecv
 .text.WCHNET_SocketRecvLen
                0x0000000000004316       0x26 C:\CH\CH32V307EVT\EVT\EXAM\ETH\NetLib\libwchnet.a(socket.o)
                0x0000000000004316                WCHNET_SocketRecvLen
 .text.SocketIPRawSend
                0x000000000000433c       0xbe C:\CH\CH32V307EVT\EVT\EXAM\ETH\NetLib\libwchnet.a(socket.o)
                0x000000000000433c                SocketIPRawSend
 .text.SocketUdpSend
                0x00000000000043fa       0xbe C:\CH\CH32V307EVT\EVT\EXAM\ETH\NetLib\libwchnet.a(socket.o)
                0x00000000000043fa                SocketUdpSend
 .text.SocketTcpSend
                0x00000000000044b8       0xf0 C:\CH\CH32V307EVT\EVT\EXAM\ETH\NetLib\libwchnet.a(socket.o)
                0x00000000000044b8                SocketTcpSend
 .text.WCHNET_SocketSend
                0x00000000000045a8       0x56 C:\CH\CH32V307EVT\EVT\EXAM\ETH\NetLib\libwchnet.a(socket.o)
                0x00000000000045a8                WCHNET_SocketSend
 .text.WCHScokedIntHandle
                0x00000000000045fe       0x52 C:\CH\CH32V307EVT\EVT\EXAM\ETH\NetLib\libwchnet.a(socket.o)
                0x00000000000045fe                WCHScokedIntHandle
 .text.LwipRemoveTcpPcb
                0x0000000000004650       0x9c C:\CH\CH32V307EVT\EVT\EXAM\ETH\NetLib\libwchnet.a(socket.o)
                0x0000000000004650                LwipRemoveTcpPcb
 .text.WCHNET_QueryGlobalInt
                0x00000000000046ec       0x3e C:\CH\CH32V307EVT\EVT\EXAM\ETH\NetLib\libwchnet.a(socket.o)
                0x00000000000046ec                WCHNET_QueryGlobalInt
 .text.WCHNET_GetGlobalInt
                0x000000000000472a       0x14 C:\CH\CH32V307EVT\EVT\EXAM\ETH\NetLib\libwchnet.a(socket.o)
                0x000000000000472a                WCHNET_GetGlobalInt
 .text.WCHNET_GetSocketInt
                0x000000000000473e       0x2a C:\CH\CH32V307EVT\EVT\EXAM\ETH\NetLib\libwchnet.a(socket.o)
                0x000000000000473e                WCHNET_GetSocketInt
 .text.WCHNET_GetPHYStatus
                0x0000000000004768        0xa C:\CH\CH32V307EVT\EVT\EXAM\ETH\NetLib\libwchnet.a(socket.o)
                0x0000000000004768                WCHNET_GetPHYStatus
 .text.WCHNET_SocketConnect
                0x0000000000004772       0x6c C:\CH\CH32V307EVT\EVT\EXAM\ETH\NetLib\libwchnet.a(socket.o)
                0x0000000000004772                WCHNET_SocketConnect
 .text.WCHNET_SocketListen
                0x00000000000047de       0x6e C:\CH\CH32V307EVT\EVT\EXAM\ETH\NetLib\libwchnet.a(socket.o)
                0x00000000000047de                WCHNET_SocketListen
 .text.CloseUpdConnect
                0x000000000000484c       0x38 C:\CH\CH32V307EVT\EVT\EXAM\ETH\NetLib\libwchnet.a(socket.o)
                0x000000000000484c                CloseUpdConnect
 .text.CloseIPRAWConnect
                0x0000000000004884       0x38 C:\CH\CH32V307EVT\EVT\EXAM\ETH\NetLib\libwchnet.a(socket.o)
                0x0000000000004884                CloseIPRAWConnect
 .text.CloseTcpPCB
                0x00000000000048bc       0x7e C:\CH\CH32V307EVT\EVT\EXAM\ETH\NetLib\libwchnet.a(socket.o)
                0x00000000000048bc                CloseTcpPCB
 .text.WCHNET_SocketClose
                0x000000000000493a       0x60 C:\CH\CH32V307EVT\EVT\EXAM\ETH\NetLib\libwchnet.a(socket.o)
                0x000000000000493a                WCHNET_SocketClose
 .text.QueryPingEnable
                0x000000000000499a        0xe C:\CH\CH32V307EVT\EVT\EXAM\ETH\NetLib\libwchnet.a(socket.o)
                0x000000000000499a                QueryPingEnable
 .text.LwipUnreachPort
                0x00000000000049a8       0x1a C:\CH\CH32V307EVT\EVT\EXAM\ETH\NetLib\libwchnet.a(socket.o)
                0x00000000000049a8                LwipUnreachPort
 .text.LwipArpCheck
                0x00000000000049c2        0xc C:\CH\CH32V307EVT\EVT\EXAM\ETH\NetLib\libwchnet.a(socket.o)
                0x00000000000049c2                LwipArpCheck
 .text.find_entry
                0x00000000000049ce      0x17e C:\CH\CH32V307EVT\EVT\EXAM\ETH\NetLib\libwchnet.a(etharp.o)
 .text.update_arp_entry
                0x0000000000004b4c       0xb2 C:\CH\CH32V307EVT\EVT\EXAM\ETH\NetLib\libwchnet.a(etharp.o)
 .text.etharp_tmr
                0x0000000000004bfe       0x4e C:\CH\CH32V307EVT\EVT\EXAM\ETH\NetLib\libwchnet.a(etharp.o)
                0x0000000000004bfe                etharp_tmr
 .text.etharp_ip_input
                0x0000000000004c4c       0x5a C:\CH\CH32V307EVT\EVT\EXAM\ETH\NetLib\libwchnet.a(etharp.o)
                0x0000000000004c4c                etharp_ip_input
 .text.etharp_arp_input
                0x0000000000004ca6      0x168 C:\CH\CH32V307EVT\EVT\EXAM\ETH\NetLib\libwchnet.a(etharp.o)
                0x0000000000004ca6                etharp_arp_input
 .text.etharp_request
                0x0000000000004e0e       0xce C:\CH\CH32V307EVT\EVT\EXAM\ETH\NetLib\libwchnet.a(etharp.o)
                0x0000000000004e0e                etharp_request
 .text.etharp_query
                0x0000000000004edc       0xe2 C:\CH\CH32V307EVT\EVT\EXAM\ETH\NetLib\libwchnet.a(etharp.o)
                0x0000000000004edc                etharp_query
 .text.etharp_output
                0x0000000000004fbe      0x134 C:\CH\CH32V307EVT\EVT\EXAM\ETH\NetLib\libwchnet.a(etharp.o)
                0x0000000000004fbe                etharp_output
 .text.ethernet_input
                0x00000000000050f2       0x86 C:\CH\CH32V307EVT\EVT\EXAM\ETH\NetLib\libwchnet.a(etharp.o)
                0x00000000000050f2                ethernet_input
 .text.ethernetif_init
                0x0000000000005178       0x64 C:\CH\CH32V307EVT\EVT\EXAM\ETH\NetLib\libwchnet.a(ethernetif.o)
                0x0000000000005178                ethernetif_init
 .text.low_level_output
                0x00000000000051dc       0x52 C:\CH\CH32V307EVT\EVT\EXAM\ETH\NetLib\libwchnet.a(ethernetif.o)
 .text.ethernetif_input
                0x000000000000522e       0x70 C:\CH\CH32V307EVT\EVT\EXAM\ETH\NetLib\libwchnet.a(ethernetif.o)
                0x000000000000522e                ethernetif_input
 .text.wch_ethernetif_init
                0x000000000000529e       0x76 C:\CH\CH32V307EVT\EVT\EXAM\ETH\NetLib\libwchnet.a(ethernetif.o)
                0x000000000000529e                wch_ethernetif_init
 .text.htons    0x0000000000005314        0xe C:\CH\CH32V307EVT\EVT\EXAM\ETH\NetLib\libwchnet.a(inet.o)
                0x0000000000005314                htons
 .text.ntohs    0x0000000000005322        0xe C:\CH\CH32V307EVT\EVT\EXAM\ETH\NetLib\libwchnet.a(inet.o)
                0x0000000000005322                ntohs
 .text.htonl    0x0000000000005330       0x24 C:\CH\CH32V307EVT\EVT\EXAM\ETH\NetLib\libwchnet.a(inet.o)
                0x0000000000005330                htonl
 .text.ntohl    0x0000000000005354        0xc C:\CH\CH32V307EVT\EVT\EXAM\ETH\NetLib\libwchnet.a(inet.o)
                0x0000000000005354                ntohl
 .text.ip_route
                0x0000000000005360       0x4c C:\CH\CH32V307EVT\EVT\EXAM\ETH\NetLib\libwchnet.a(ip.o)
                0x0000000000005360                ip_route
 .text.ip_input
                0x00000000000053ac      0x29a C:\CH\CH32V307EVT\EVT\EXAM\ETH\NetLib\libwchnet.a(ip.o)
                0x00000000000053ac                ip_input
 .text.ip_output_if
                0x0000000000005646      0x15a C:\CH\CH32V307EVT\EVT\EXAM\ETH\NetLib\libwchnet.a(ip.o)
                0x0000000000005646                ip_output_if
 .text.ip_output
                0x00000000000057a0       0x36 C:\CH\CH32V307EVT\EVT\EXAM\ETH\NetLib\libwchnet.a(ip.o)
                0x00000000000057a0                ip_output
 .text.ip_addr_isbroadcast
                0x00000000000057d6       0x4a C:\CH\CH32V307EVT\EVT\EXAM\ETH\NetLib\libwchnet.a(ip_addr.o)
                0x00000000000057d6                ip_addr_isbroadcast
 .text.ip_reass_tmr
                0x0000000000005820       0xe6 C:\CH\CH32V307EVT\EVT\EXAM\ETH\NetLib\libwchnet.a(ip_frag.o)
                0x0000000000005820                ip_reass_tmr
 .text.ip_reass
                0x0000000000005906      0x3dc C:\CH\CH32V307EVT\EVT\EXAM\ETH\NetLib\libwchnet.a(ip_frag.o)
                0x0000000000005906                ip_reass
 .text.ip_frag  0x0000000000005ce2      0x17e C:\CH\CH32V307EVT\EVT\EXAM\ETH\NetLib\libwchnet.a(ip_frag.o)
                0x0000000000005ce2                ip_frag
 .text.dhcp_set_state
                0x0000000000005e60        0xe C:\CH\CH32V307EVT\EVT\EXAM\ETH\NetLib\libwchnet.a(dhcp.o)
 .text.dhcp_option
                0x0000000000005e6e       0x20 C:\CH\CH32V307EVT\EVT\EXAM\ETH\NetLib\libwchnet.a(dhcp.o)
 .text.dhcp_option_byte
                0x0000000000005e8e       0x12 C:\CH\CH32V307EVT\EVT\EXAM\ETH\NetLib\libwchnet.a(dhcp.o)
 .text.dhcp_option_long
                0x0000000000005ea0       0x48 C:\CH\CH32V307EVT\EVT\EXAM\ETH\NetLib\libwchnet.a(dhcp.o)
 .text.dhcp_option_trailer
                0x0000000000005ee8       0x34 C:\CH\CH32V307EVT\EVT\EXAM\ETH\NetLib\libwchnet.a(dhcp.o)
 .text.dhcp_create_request
                0x0000000000005f1c      0x17e C:\CH\CH32V307EVT\EVT\EXAM\ETH\NetLib\libwchnet.a(dhcp.o)
 .text.dhcp_delete_request
                0x000000000000609a       0x1e C:\CH\CH32V307EVT\EVT\EXAM\ETH\NetLib\libwchnet.a(dhcp.o)
 .text.dhcp_arp_reply
                0x00000000000060b8      0x182 C:\CH\CH32V307EVT\EVT\EXAM\ETH\NetLib\libwchnet.a(dhcp.o)
                0x00000000000060b8                dhcp_arp_reply
 .text.lwip_init
                0x000000000000623a       0x18 C:\CH\CH32V307EVT\EVT\EXAM\ETH\NetLib\libwchnet.a(init.o)
                0x000000000000623a                lwip_init
 .text.mem_init
                0x0000000000006252       0x3e C:\CH\CH32V307EVT\EVT\EXAM\ETH\NetLib\libwchnet.a(mem.o)
                0x0000000000006252                mem_init
 .text.mem_free
                0x0000000000006290       0x84 C:\CH\CH32V307EVT\EVT\EXAM\ETH\NetLib\libwchnet.a(mem.o)
                0x0000000000006290                mem_free
 .text.mem_realloc
                0x0000000000006314       0xca C:\CH\CH32V307EVT\EVT\EXAM\ETH\NetLib\libwchnet.a(mem.o)
                0x0000000000006314                mem_realloc
 .text.mem_malloc
                0x00000000000063de       0xd0 C:\CH\CH32V307EVT\EVT\EXAM\ETH\NetLib\libwchnet.a(mem.o)
                0x00000000000063de                mem_malloc
 .text.memp_init
                0x00000000000064ae       0x50 C:\CH\CH32V307EVT\EVT\EXAM\ETH\NetLib\libwchnet.a(memp.o)
                0x00000000000064ae                memp_init
 .text.memp_malloc
                0x00000000000064fe       0x20 C:\CH\CH32V307EVT\EVT\EXAM\ETH\NetLib\libwchnet.a(memp.o)
                0x00000000000064fe                memp_malloc
 .text.memp_free
                0x000000000000651e       0x18 C:\CH\CH32V307EVT\EVT\EXAM\ETH\NetLib\libwchnet.a(memp.o)
                0x000000000000651e                memp_free
 .text.netif_set_ipaddr
                0x0000000000006536       0x96 C:\CH\CH32V307EVT\EVT\EXAM\ETH\NetLib\libwchnet.a(netif.o)
                0x0000000000006536                netif_set_ipaddr
 .text.netif_set_addr
                0x00000000000065cc       0x4e C:\CH\CH32V307EVT\EVT\EXAM\ETH\NetLib\libwchnet.a(netif.o)
                0x00000000000065cc                netif_set_addr
 .text.netif_add
                0x000000000000661a       0x5a C:\CH\CH32V307EVT\EVT\EXAM\ETH\NetLib\libwchnet.a(netif.o)
                0x000000000000661a                netif_add
 .text.netif_set_default
                0x0000000000006674        0x6 C:\CH\CH32V307EVT\EVT\EXAM\ETH\NetLib\libwchnet.a(netif.o)
                0x0000000000006674                netif_set_default
 .text.netif_is_up
                0x000000000000667a        0x8 C:\CH\CH32V307EVT\EVT\EXAM\ETH\NetLib\libwchnet.a(netif.o)
                0x000000000000667a                netif_is_up
 .text.pbuf_header
                0x0000000000006682       0x6e C:\CH\CH32V307EVT\EVT\EXAM\ETH\NetLib\libwchnet.a(pbuf.o)
                0x0000000000006682                pbuf_header
 .text.pbuf_free
                0x00000000000066f0       0x4e C:\CH\CH32V307EVT\EVT\EXAM\ETH\NetLib\libwchnet.a(pbuf.o)
                0x00000000000066f0                pbuf_free
 .text.pbuf_alloc
                0x000000000000673e      0x140 C:\CH\CH32V307EVT\EVT\EXAM\ETH\NetLib\libwchnet.a(pbuf.o)
                0x000000000000673e                pbuf_alloc
 .text.pbuf_realloc
                0x000000000000687e       0x58 C:\CH\CH32V307EVT\EVT\EXAM\ETH\NetLib\libwchnet.a(pbuf.o)
                0x000000000000687e                pbuf_realloc
 .text.pbuf_clen
                0x00000000000068d6       0x12 C:\CH\CH32V307EVT\EVT\EXAM\ETH\NetLib\libwchnet.a(pbuf.o)
                0x00000000000068d6                pbuf_clen
 .text.pbuf_ref
                0x00000000000068e8        0xa C:\CH\CH32V307EVT\EVT\EXAM\ETH\NetLib\libwchnet.a(pbuf.o)
                0x00000000000068e8                pbuf_ref
 .text.pbuf_cat
                0x00000000000068f2       0x1c C:\CH\CH32V307EVT\EVT\EXAM\ETH\NetLib\libwchnet.a(pbuf.o)
                0x00000000000068f2                pbuf_cat
 .text.pbuf_chain
                0x000000000000690e       0x14 C:\CH\CH32V307EVT\EVT\EXAM\ETH\NetLib\libwchnet.a(pbuf.o)
                0x000000000000690e                pbuf_chain
 .text.pbuf_copy
                0x0000000000006922       0x9c C:\CH\CH32V307EVT\EVT\EXAM\ETH\NetLib\libwchnet.a(pbuf.o)
                0x0000000000006922                pbuf_copy
 .text.raw_input
                0x00000000000069be       0x68 C:\CH\CH32V307EVT\EVT\EXAM\ETH\NetLib\libwchnet.a(raw.o)
                0x00000000000069be                raw_input
 .text.raw_bind
                0x0000000000006a26       0x1e C:\CH\CH32V307EVT\EVT\EXAM\ETH\NetLib\libwchnet.a(raw.o)
                0x0000000000006a26                raw_bind
 .text.raw_connect
                0x0000000000006a44       0x1e C:\CH\CH32V307EVT\EVT\EXAM\ETH\NetLib\libwchnet.a(raw.o)
                0x0000000000006a44                raw_connect
 .text.raw_recv
                0x0000000000006a62        0x6 C:\CH\CH32V307EVT\EVT\EXAM\ETH\NetLib\libwchnet.a(raw.o)
                0x0000000000006a62                raw_recv
 .text.raw_sendto
                0x0000000000006a68       0x7e C:\CH\CH32V307EVT\EVT\EXAM\ETH\NetLib\libwchnet.a(raw.o)
                0x0000000000006a68                raw_sendto
 .text.raw_send
                0x0000000000006ae6       0x10 C:\CH\CH32V307EVT\EVT\EXAM\ETH\NetLib\libwchnet.a(raw.o)
                0x0000000000006ae6                raw_send
 .text.raw_remove
                0x0000000000006af6       0x30 C:\CH\CH32V307EVT\EVT\EXAM\ETH\NetLib\libwchnet.a(raw.o)
                0x0000000000006af6                raw_remove
 .text.raw_new  0x0000000000006b26       0x30 C:\CH\CH32V307EVT\EVT\EXAM\ETH\NetLib\libwchnet.a(raw.o)
                0x0000000000006b26                raw_new
 .text.tcp_accept_null
                0x0000000000006b56        0x4 C:\CH\CH32V307EVT\EVT\EXAM\ETH\NetLib\libwchnet.a(tcp.o)
 .text.tcp_new_port
                0x0000000000006b5a       0x5c C:\CH\CH32V307EVT\EVT\EXAM\ETH\NetLib\libwchnet.a(tcp.o)
 .text.tcp_bind
                0x0000000000006bb6      0x116 C:\CH\CH32V307EVT\EVT\EXAM\ETH\NetLib\libwchnet.a(tcp.o)
                0x0000000000006bb6                tcp_bind
 .text.tcp_listen_with_backlog
                0x0000000000006ccc       0x9a C:\CH\CH32V307EVT\EVT\EXAM\ETH\NetLib\libwchnet.a(tcp.o)
                0x0000000000006ccc                tcp_listen_with_backlog
 .text.tcp_update_rcv_ann_wnd
                0x0000000000006d66       0x48 C:\CH\CH32V307EVT\EVT\EXAM\ETH\NetLib\libwchnet.a(tcp.o)
                0x0000000000006d66                tcp_update_rcv_ann_wnd
 .text.tcp_recved
                0x0000000000006dae       0x3c C:\CH\CH32V307EVT\EVT\EXAM\ETH\NetLib\libwchnet.a(tcp.o)
                0x0000000000006dae                tcp_recved
 .text.tcp_seg_free
                0x0000000000006dea       0x2a C:\CH\CH32V307EVT\EVT\EXAM\ETH\NetLib\libwchnet.a(tcp.o)
                0x0000000000006dea                tcp_seg_free
 .text.tcp_segs_free
                0x0000000000006e14       0x1e C:\CH\CH32V307EVT\EVT\EXAM\ETH\NetLib\libwchnet.a(tcp.o)
                0x0000000000006e14                tcp_segs_free
 .text.tcp_seg_copy
                0x0000000000006e32       0x28 C:\CH\CH32V307EVT\EVT\EXAM\ETH\NetLib\libwchnet.a(tcp.o)
                0x0000000000006e32                tcp_seg_copy
 .text.tcp_arg  0x0000000000006e5a        0x4 C:\CH\CH32V307EVT\EVT\EXAM\ETH\NetLib\libwchnet.a(tcp.o)
                0x0000000000006e5a                tcp_arg
 .text.tcp_recv
                0x0000000000006e5e        0x6 C:\CH\CH32V307EVT\EVT\EXAM\ETH\NetLib\libwchnet.a(tcp.o)
                0x0000000000006e5e                tcp_recv
 .text.tcp_sent
                0x0000000000006e64        0x6 C:\CH\CH32V307EVT\EVT\EXAM\ETH\NetLib\libwchnet.a(tcp.o)
                0x0000000000006e64                tcp_sent
 .text.tcp_err  0x0000000000006e6a        0x6 C:\CH\CH32V307EVT\EVT\EXAM\ETH\NetLib\libwchnet.a(tcp.o)
                0x0000000000006e6a                tcp_err
 .text.tcp_accept
                0x0000000000006e70        0x4 C:\CH\CH32V307EVT\EVT\EXAM\ETH\NetLib\libwchnet.a(tcp.o)
                0x0000000000006e70                tcp_accept
 .text.tcp_poll
                0x0000000000006e74        0xa C:\CH\CH32V307EVT\EVT\EXAM\ETH\NetLib\libwchnet.a(tcp.o)
                0x0000000000006e74                tcp_poll
 .text.tcp_pcb_purge
                0x0000000000006e7e       0x4e C:\CH\CH32V307EVT\EVT\EXAM\ETH\NetLib\libwchnet.a(tcp.o)
                0x0000000000006e7e                tcp_pcb_purge
 .text.tcp_slowtmr
                0x0000000000006ecc      0x2ba C:\CH\CH32V307EVT\EVT\EXAM\ETH\NetLib\libwchnet.a(tcp.o)
                0x0000000000006ecc                tcp_slowtmr
 .text.tcp_pcb_remove
                0x0000000000007186       0x72 C:\CH\CH32V307EVT\EVT\EXAM\ETH\NetLib\libwchnet.a(tcp.o)
                0x0000000000007186                tcp_pcb_remove
 .text.tcp_close
                0x00000000000071f8       0xb2 C:\CH\CH32V307EVT\EVT\EXAM\ETH\NetLib\libwchnet.a(tcp.o)
                0x00000000000071f8                tcp_close
 .text.tcp_recv_null
                0x00000000000072aa       0x30 C:\CH\CH32V307EVT\EVT\EXAM\ETH\NetLib\libwchnet.a(tcp.o)
                0x00000000000072aa                tcp_recv_null
 .text.tcp_fasttmr
                0x00000000000072da       0x62 C:\CH\CH32V307EVT\EVT\EXAM\ETH\NetLib\libwchnet.a(tcp.o)
                0x00000000000072da                tcp_fasttmr
 .text.tcp_tmr  0x000000000000733c       0x22 C:\CH\CH32V307EVT\EVT\EXAM\ETH\NetLib\libwchnet.a(tcp.o)
                0x000000000000733c                tcp_tmr
 .text.tcp_fastsendack
                0x000000000000735e       0x7c C:\CH\CH32V307EVT\EVT\EXAM\ETH\NetLib\libwchnet.a(tcp.o)
                0x000000000000735e                tcp_fastsendack
 .text.tcp_abandon
                0x00000000000073da       0x9a C:\CH\CH32V307EVT\EVT\EXAM\ETH\NetLib\libwchnet.a(tcp.o)
                0x00000000000073da                tcp_abandon
 .text.tcp_next_iss
                0x0000000000007474       0x10 C:\CH\CH32V307EVT\EVT\EXAM\ETH\NetLib\libwchnet.a(tcp.o)
                0x0000000000007474                tcp_next_iss
 .text.tcp_alloc
                0x0000000000007484      0x134 C:\CH\CH32V307EVT\EVT\EXAM\ETH\NetLib\libwchnet.a(tcp.o)
                0x0000000000007484                tcp_alloc
 .text.tcp_new  0x00000000000075b8       0x10 C:\CH\CH32V307EVT\EVT\EXAM\ETH\NetLib\libwchnet.a(tcp.o)
                0x00000000000075b8                tcp_new
 .text.tcp_eff_send_mss
                0x00000000000075c8       0x2e C:\CH\CH32V307EVT\EVT\EXAM\ETH\NetLib\libwchnet.a(tcp.o)
                0x00000000000075c8                tcp_eff_send_mss
 .text.tcp_connect
                0x00000000000075f6       0xe8 C:\CH\CH32V307EVT\EVT\EXAM\ETH\NetLib\libwchnet.a(tcp.o)
                0x00000000000075f6                tcp_connect
 .text.RemoveTimeWaiTCP
                0x00000000000076de       0x32 C:\CH\CH32V307EVT\EVT\EXAM\ETH\NetLib\libwchnet.a(tcp.o)
                0x00000000000076de                RemoveTimeWaiTCP
 .text.tcp_oos_insert_segment
                0x0000000000007710       0xce C:\CH\CH32V307EVT\EVT\EXAM\ETH\NetLib\libwchnet.a(tcp_in.o)
 .text.tcp_receive
                0x00000000000077de      0x8f0 C:\CH\CH32V307EVT\EVT\EXAM\ETH\NetLib\libwchnet.a(tcp_in.o)
 .text.tcp_parseopt.isra.0
                0x00000000000080ce       0xa6 C:\CH\CH32V307EVT\EVT\EXAM\ETH\NetLib\libwchnet.a(tcp_in.o)
 .text.tcp_input
                0x0000000000008174      0x9d6 C:\CH\CH32V307EVT\EVT\EXAM\ETH\NetLib\libwchnet.a(tcp_in.o)
                0x0000000000008174                tcp_input
 .text.tcp_output_set_header.isra.0.constprop.1
                0x0000000000008b4a       0xd4 C:\CH\CH32V307EVT\EVT\EXAM\ETH\NetLib\libwchnet.a(tcp_out.o)
 .text.tcp_enqueue
                0x0000000000008c1e      0x448 C:\CH\CH32V307EVT\EVT\EXAM\ETH\NetLib\libwchnet.a(tcp_out.o)
                0x0000000000008c1e                tcp_enqueue
 .text.tcp_send_ctrl
                0x0000000000009066       0x16 C:\CH\CH32V307EVT\EVT\EXAM\ETH\NetLib\libwchnet.a(tcp_out.o)
                0x0000000000009066                tcp_send_ctrl
 .text.tcp_write
                0x000000000000907c       0x30 C:\CH\CH32V307EVT\EVT\EXAM\ETH\NetLib\libwchnet.a(tcp_out.o)
                0x000000000000907c                tcp_write
 .text.tcp_send_empty_ack
                0x00000000000090ac       0x70 C:\CH\CH32V307EVT\EVT\EXAM\ETH\NetLib\libwchnet.a(tcp_out.o)
                0x00000000000090ac                tcp_send_empty_ack
 .text.tcp_output
                0x000000000000911c      0x368 C:\CH\CH32V307EVT\EVT\EXAM\ETH\NetLib\libwchnet.a(tcp_out.o)
                0x000000000000911c                tcp_output
 .text.tcp_rst  0x0000000000009484      0x108 C:\CH\CH32V307EVT\EVT\EXAM\ETH\NetLib\libwchnet.a(tcp_out.o)
                0x0000000000009484                tcp_rst
 .text.tcp_rexmit_rto
                0x000000000000958c       0x36 C:\CH\CH32V307EVT\EVT\EXAM\ETH\NetLib\libwchnet.a(tcp_out.o)
                0x000000000000958c                tcp_rexmit_rto
 .text.tcp_rexmit
                0x00000000000095c2       0x7c C:\CH\CH32V307EVT\EVT\EXAM\ETH\NetLib\libwchnet.a(tcp_out.o)
                0x00000000000095c2                tcp_rexmit
 .text.tcp_rexmit_fast
                0x000000000000963e       0x62 C:\CH\CH32V307EVT\EVT\EXAM\ETH\NetLib\libwchnet.a(tcp_out.o)
                0x000000000000963e                tcp_rexmit_fast
 .text.tcp_keepalive
                0x00000000000096a0       0x5e C:\CH\CH32V307EVT\EVT\EXAM\ETH\NetLib\libwchnet.a(tcp_out.o)
                0x00000000000096a0                tcp_keepalive
 .text.tcp_zero_window_probe
                0x00000000000096fe       0xd2 C:\CH\CH32V307EVT\EVT\EXAM\ETH\NetLib\libwchnet.a(tcp_out.o)
                0x00000000000096fe                tcp_zero_window_probe
 .text.udp_input
                0x00000000000097d0      0x238 C:\CH\CH32V307EVT\EVT\EXAM\ETH\NetLib\libwchnet.a(udp.o)
                0x00000000000097d0                udp_input
 .text.udp_bind
                0x0000000000009a08       0x9a C:\CH\CH32V307EVT\EVT\EXAM\ETH\NetLib\libwchnet.a(udp.o)
                0x0000000000009a08                udp_bind
 .text.udp_sendto_if
                0x0000000000009aa2       0xd6 C:\CH\CH32V307EVT\EVT\EXAM\ETH\NetLib\libwchnet.a(udp.o)
                0x0000000000009aa2                udp_sendto_if
 .text.udp_sendto
                0x0000000000009b78       0x2e C:\CH\CH32V307EVT\EVT\EXAM\ETH\NetLib\libwchnet.a(udp.o)
                0x0000000000009b78                udp_sendto
 .text.udp_send
                0x0000000000009ba6       0x12 C:\CH\CH32V307EVT\EVT\EXAM\ETH\NetLib\libwchnet.a(udp.o)
                0x0000000000009ba6                udp_send
 .text.udp_connect
                0x0000000000009bb8       0x7e C:\CH\CH32V307EVT\EVT\EXAM\ETH\NetLib\libwchnet.a(udp.o)
                0x0000000000009bb8                udp_connect
 .text.udp_recv
                0x0000000000009c36        0x6 C:\CH\CH32V307EVT\EVT\EXAM\ETH\NetLib\libwchnet.a(udp.o)
                0x0000000000009c36                udp_recv
 .text.udp_remove
                0x0000000000009c3c       0x30 C:\CH\CH32V307EVT\EVT\EXAM\ETH\NetLib\libwchnet.a(udp.o)
                0x0000000000009c3c                udp_remove
 .text.udp_new  0x0000000000009c6c       0x24 C:\CH\CH32V307EVT\EVT\EXAM\ETH\NetLib\libwchnet.a(udp.o)
                0x0000000000009c6c                udp_new
 .text.icmp_send_response.isra.0
                0x0000000000009c90       0x76 C:\CH\CH32V307EVT\EVT\EXAM\ETH\NetLib\libwchnet.a(icmp.o)
 .text.icmp_input
                0x0000000000009d06      0x250 C:\CH\CH32V307EVT\EVT\EXAM\ETH\NetLib\libwchnet.a(icmp.o)
                0x0000000000009d06                icmp_input
 .text.icmp_dest_unreach
                0x0000000000009f56       0x14 C:\CH\CH32V307EVT\EVT\EXAM\ETH\NetLib\libwchnet.a(icmp.o)
                0x0000000000009f56                icmp_dest_unreach
 .text.icmp_time_exceeded
                0x0000000000009f6a       0x14 C:\CH\CH32V307EVT\EVT\EXAM\ETH\NetLib\libwchnet.a(icmp.o)
                0x0000000000009f6a                icmp_time_exceeded
 .text.lwip_standard_chksum
                0x0000000000009f7e       0x7e C:\CH\CH32V307EVT\EVT\EXAM\ETH\NetLib\libwchnet.a(inet_chksum.o)
 .text.inet_chksum_pseudo
                0x0000000000009ffc      0x10a C:\CH\CH32V307EVT\EVT\EXAM\ETH\NetLib\libwchnet.a(inet_chksum.o)
                0x0000000000009ffc                inet_chksum_pseudo
 .text.inet_chksum
                0x000000000000a106       0x14 C:\CH\CH32V307EVT\EVT\EXAM\ETH\NetLib\libwchnet.a(inet_chksum.o)
                0x000000000000a106                inet_chksum
 .text.inet_chksum_pbuf
                0x000000000000a11a       0x6a C:\CH\CH32V307EVT\EVT\EXAM\ETH\NetLib\libwchnet.a(inet_chksum.o)
                0x000000000000a11a                inet_chksum_pbuf
 .text.printchar
                0x000000000000a184       0x4a c:/mounriver/mounriver_studio/toolchain/risc-v embedded gcc/bin/../lib/gcc/riscv-none-embed/8.2.0/../../../../riscv-none-embed/lib/rv32imacxw/ilp32\libprintf.a(wchprintf.o)
                0x000000000000a184                printchar
 .text.prints   0x000000000000a1ce       0xe0 c:/mounriver/mounriver_studio/toolchain/risc-v embedded gcc/bin/../lib/gcc/riscv-none-embed/8.2.0/../../../../riscv-none-embed/lib/rv32imacxw/ilp32\libprintf.a(wchprintf.o)
                0x000000000000a1ce                prints
 .text.printInt
                0x000000000000a2ae       0xf2 c:/mounriver/mounriver_studio/toolchain/risc-v embedded gcc/bin/../lib/gcc/riscv-none-embed/8.2.0/../../../../riscv-none-embed/lib/rv32imacxw/ilp32\libprintf.a(wchprintf.o)
                0x000000000000a2ae                printInt
 .text.printLongLongInt
                0x000000000000a3a0        0x4 c:/mounriver/mounriver_studio/toolchain/risc-v embedded gcc/bin/../lib/gcc/riscv-none-embed/8.2.0/../../../../riscv-none-embed/lib/rv32imacxw/ilp32\libprintf.a(wchprintf.o)
                0x000000000000a3a0                printLongLongInt
 .text.printDouble
                0x000000000000a3a4        0x4 c:/mounriver/mounriver_studio/toolchain/risc-v embedded gcc/bin/../lib/gcc/riscv-none-embed/8.2.0/../../../../riscv-none-embed/lib/rv32imacxw/ilp32\libprintf.a(wchprintf.o)
                0x000000000000a3a4                printDouble
 .text.print    0x000000000000a3a8      0x320 c:/mounriver/mounriver_studio/toolchain/risc-v embedded gcc/bin/../lib/gcc/riscv-none-embed/8.2.0/../../../../riscv-none-embed/lib/rv32imacxw/ilp32\libprintf.a(wchprintf.o)
                0x000000000000a3a8                print
 .text.printf   0x000000000000a6c8       0x24 c:/mounriver/mounriver_studio/toolchain/risc-v embedded gcc/bin/../lib/gcc/riscv-none-embed/8.2.0/../../../../riscv-none-embed/lib/rv32imacxw/ilp32\libprintf.a(wchprintf.o)
                0x000000000000a6c8                printf
 .text.snprintf
                0x000000000000a6ec       0x2a c:/mounriver/mounriver_studio/toolchain/risc-v embedded gcc/bin/../lib/gcc/riscv-none-embed/8.2.0/../../../../riscv-none-embed/lib/rv32imacxw/ilp32\libprintf.a(wchprintf.o)
                0x000000000000a6ec                snprintf
 .text.puts     0x000000000000a716       0x4a c:/mounriver/mounriver_studio/toolchain/risc-v embedded gcc/bin/../lib/gcc/riscv-none-embed/8.2.0/../../../../riscv-none-embed/lib/rv32imacxw/ilp32\libprintf.a(wchprintf.o)
                0x000000000000a716                puts
 .text.atoi     0x000000000000a760        0x6 c:/mounriver/mounriver_studio/toolchain/risc-v embedded gcc/bin/../lib/gcc/riscv-none-embed/8.2.0/../../../../riscv-none-embed/lib/rv32imacxw/ilp32\libg_nano.a(lib_a-atoi.o)
                0x000000000000a760                atoi
 .text.memcmp   0x000000000000a766       0x24 c:/mounriver/mounriver_studio/toolchain/risc-v embedded gcc/bin/../lib/gcc/riscv-none-embed/8.2.0/../../../../riscv-none-embed/lib/rv32imacxw/ilp32\libg_nano.a(lib_a-memcmp.o)
                0x000000000000a766                memcmp
 .text.memcpy   0x000000000000a78a       0xb2 c:/mounriver/mounriver_studio/toolchain/risc-v embedded gcc/bin/../lib/gcc/riscv-none-embed/8.2.0/../../../../riscv-none-embed/lib/rv32imacxw/ilp32\libg_nano.a(lib_a-memcpy.o)
                0x000000000000a78a                memcpy
 .text.strcat   0x000000000000a83c       0x1e c:/mounriver/mounriver_studio/toolchain/risc-v embedded gcc/bin/../lib/gcc/riscv-none-embed/8.2.0/../../../../riscv-none-embed/lib/rv32imacxw/ilp32\libg_nano.a(lib_a-strcat.o)
                0x000000000000a83c                strcat
 .text.strchr   0x000000000000a85a       0x18 c:/mounriver/mounriver_studio/toolchain/risc-v embedded gcc/bin/../lib/gcc/riscv-none-embed/8.2.0/../../../../riscv-none-embed/lib/rv32imacxw/ilp32\libg_nano.a(lib_a-strchr.o)
                0x000000000000a85a                strchr
 .text.strcpy   0x000000000000a872       0x10 c:/mounriver/mounriver_studio/toolchain/risc-v embedded gcc/bin/../lib/gcc/riscv-none-embed/8.2.0/../../../../riscv-none-embed/lib/rv32imacxw/ilp32\libg_nano.a(lib_a-strcpy.o)
                0x000000000000a872                strcpy
 .text.strlen   0x000000000000a882       0x12 c:/mounriver/mounriver_studio/toolchain/risc-v embedded gcc/bin/../lib/gcc/riscv-none-embed/8.2.0/../../../../riscv-none-embed/lib/rv32imacxw/ilp32\libg_nano.a(lib_a-strlen.o)
                0x000000000000a882                strlen
 .text.strstr   0x000000000000a894       0x34 c:/mounriver/mounriver_studio/toolchain/risc-v embedded gcc/bin/../lib/gcc/riscv-none-embed/8.2.0/../../../../riscv-none-embed/lib/rv32imacxw/ilp32\libg_nano.a(lib_a-strstr.o)
                0x000000000000a894                strstr
 .text.strtok   0x000000000000a8c8       0x7c c:/mounriver/mounriver_studio/toolchain/risc-v embedded gcc/bin/../lib/gcc/riscv-none-embed/8.2.0/../../../../riscv-none-embed/lib/rv32imacxw/ilp32\libg_nano.a(lib_a-strtok.o)
                0x000000000000a8c8                strtok
 .text.__strtok_r
                0x000000000000a944       0x5c c:/mounriver/mounriver_studio/toolchain/risc-v embedded gcc/bin/../lib/gcc/riscv-none-embed/8.2.0/../../../../riscv-none-embed/lib/rv32imacxw/ilp32\libg_nano.a(lib_a-strtok_r.o)
                0x000000000000a944                __strtok_r
 .text._strtol_l.isra.0
                0x000000000000a9a0      0x138 c:/mounriver/mounriver_studio/toolchain/risc-v embedded gcc/bin/../lib/gcc/riscv-none-embed/8.2.0/../../../../riscv-none-embed/lib/rv32imacxw/ilp32\libg_nano.a(lib_a-strtol.o)
 .text.strtol   0x000000000000aad8       0x1e c:/mounriver/mounriver_studio/toolchain/risc-v embedded gcc/bin/../lib/gcc/riscv-none-embed/8.2.0/../../../../riscv-none-embed/lib/rv32imacxw/ilp32\libg_nano.a(lib_a-strtol.o)
                0x000000000000aad8                strtol
 .text.__locale_ctype_ptr_l
                0x000000000000aaf6        0x6 c:/mounriver/mounriver_studio/toolchain/risc-v embedded gcc/bin/../lib/gcc/riscv-none-embed/8.2.0/../../../../riscv-none-embed/lib/rv32imacxw/ilp32\libg_nano.a(lib_a-locale.o)
                0x000000000000aaf6                __locale_ctype_ptr_l
 .text.malloc   0x000000000000aafc        0xa c:/mounriver/mounriver_studio/toolchain/risc-v embedded gcc/bin/../lib/gcc/riscv-none-embed/8.2.0/../../../../riscv-none-embed/lib/rv32imacxw/ilp32\libg_nano.a(lib_a-malloc.o)
                0x000000000000aafc                malloc
 .text.__ascii_mbtowc
                0x000000000000ab06       0x32 c:/mounriver/mounriver_studio/toolchain/risc-v embedded gcc/bin/../lib/gcc/riscv-none-embed/8.2.0/../../../../riscv-none-embed/lib/rv32imacxw/ilp32\libg_nano.a(lib_a-mbtowc_r.o)
                0x000000000000ab06                __ascii_mbtowc
 .text._malloc_r
                0x000000000000ab38       0xce c:/mounriver/mounriver_studio/toolchain/risc-v embedded gcc/bin/../lib/gcc/riscv-none-embed/8.2.0/../../../../riscv-none-embed/lib/rv32imacxw/ilp32\libg_nano.a(lib_a-nano-mallocr.o)
                0x000000000000ab38                _malloc_r
 .text._sbrk_r  0x000000000000ac06       0x32 c:/mounriver/mounriver_studio/toolchain/risc-v embedded gcc/bin/../lib/gcc/riscv-none-embed/8.2.0/../../../../riscv-none-embed/lib/rv32imacxw/ilp32\libg_nano.a(lib_a-sbrkr.o)
                0x000000000000ac06                _sbrk_r
 .text.__ascii_wctomb
                0x000000000000ac38       0x1e c:/mounriver/mounriver_studio/toolchain/risc-v embedded gcc/bin/../lib/gcc/riscv-none-embed/8.2.0/../../../../riscv-none-embed/lib/rv32imacxw/ilp32\libg_nano.a(lib_a-wctomb_r.o)
                0x000000000000ac38                __ascii_wctomb
 .text.__malloc_lock
                0x000000000000ac56        0x2 c:/mounriver/mounriver_studio/toolchain/risc-v embedded gcc/bin/../lib/gcc/riscv-none-embed/8.2.0/../../../../riscv-none-embed/lib/rv32imacxw/ilp32\libg_nano.a(lib_a-mlock.o)
                0x000000000000ac56                __malloc_lock
 .text.__malloc_unlock
                0x000000000000ac58        0x2 c:/mounriver/mounriver_studio/toolchain/risc-v embedded gcc/bin/../lib/gcc/riscv-none-embed/8.2.0/../../../../riscv-none-embed/lib/rv32imacxw/ilp32\libg_nano.a(lib_a-mlock.o)
                0x000000000000ac58                __malloc_unlock
 *(.rodata)
 *(.rodata*)
 *fill*         0x000000000000ac5a        0x2 
 .rodata.HardFault_Handler.str1.4
                0x000000000000ac5c       0x42 ./User/ch32v30x_it.o
 *fill*         0x000000000000ac9e        0x2 
 .rodata.WCHNET_CreateCfgSocket.str1.4
                0x000000000000aca0       0x39 ./User/main.o
 *fill*         0x000000000000acd9        0x3 
 .rodata.WCHNET_CreateTcpSocketListen.str1.4
                0x000000000000acdc       0x17 ./User/main.o
 *fill*         0x000000000000acf3        0x1 
 .rodata.WCHNET_HandleGlobalInt.str1.4
                0x000000000000acf4       0x3e ./User/main.o
 *fill*         0x000000000000ad32        0x2 
 .rodata.WCHNET_HandleSockInt.str1.4
                0x000000000000ad34       0x5d ./User/main.o
 *fill*         0x000000000000ad91        0x3 
 .rodata.mStopIfError.str1.4
                0x000000000000ad94        0xe ./User/main.o
 *fill*         0x000000000000ada2        0x2 
 .rodata.main.str1.4
                0x000000000000ada4       0x80 ./User/main.o
                                         0x84 (size before relaxing)
 .rodata.MemNum
                0x000000000000ae24       0x10 ./NetLib/eth_driver_10M.o
                0x000000000000ae24                MemNum
 .rodata.MemSize
                0x000000000000ae34       0x10 ./NetLib/eth_driver_10M.o
                0x000000000000ae34                MemSize
 .rodata.Html_about
                0x000000000000ae44      0xa66 ./HTTP/HTTPS.o
                0x000000000000ae44                Html_about
 *fill*         0x000000000000b8aa        0x2 
 .rodata.Html_basic
                0x000000000000b8ac      0x46a ./HTTP/HTTPS.o
                0x000000000000b8ac                Html_basic
 *fill*         0x000000000000bd16        0x2 
 .rodata.Html_login
                0x000000000000bd18      0x64c ./HTTP/HTTPS.o
                0x000000000000bd18                Html_login
 .rodata.Html_logo
                0x000000000000c364      0x5e1 ./HTTP/HTTPS.o
                0x000000000000c364                Html_logo
 *fill*         0x000000000000c945        0x3 
 .rodata.Html_main
                0x000000000000c948      0xc82 ./HTTP/HTTPS.o
                0x000000000000c948                Html_main
 *fill*         0x000000000000d5ca        0x2 
 .rodata.Html_png1
                0x000000000000d5cc      0xca3 ./HTTP/HTTPS.o
                0x000000000000d5cc                Html_png1
 *fill*         0x000000000000e26f        0x1 
 .rodata.Html_png2
                0x000000000000e270      0x866 ./HTTP/HTTPS.o
                0x000000000000e270                Html_png2
 *fill*         0x000000000000ead6        0x2 
 .rodata.Html_png3
                0x000000000000ead8      0x99a ./HTTP/HTTPS.o
                0x000000000000ead8                Html_png3
 *fill*         0x000000000000f472        0x2 
 .rodata.Html_png4
                0x000000000000f474     0x10ce ./HTTP/HTTPS.o
                0x000000000000f474                Html_png4
 *fill*         0x0000000000010542        0x2 
 .rodata.Html_port
                0x0000000000010544      0x522 ./HTTP/HTTPS.o
                0x0000000000010544                Html_port
 *fill*         0x0000000000010a66        0x2 
 .rodata.Html_style
                0x0000000000010a68      0x6bc ./HTTP/HTTPS.o
                0x0000000000010a68                Html_style
 .rodata.Html_success
                0x0000000000011124      0x1cc ./HTTP/HTTPS.o
                0x0000000000011124                Html_success
 .rodata.Html_user
                0x00000000000112f0      0x35d ./HTTP/HTTPS.o
                0x00000000000112f0                Html_user
 *fill*         0x000000000001164d        0x3 
 .rodata.Html_weixin
                0x0000000000011650     0x1240 ./HTTP/HTTPS.o
                0x0000000000011650                Html_weixin
 .rodata.Init_Para_Tab.str1.4
                0x0000000000012890       0xfd ./HTTP/HTTPS.o
 *fill*         0x000000000001298d        0x3 
 .rodata.Json_main
                0x0000000000012990       0x20 ./HTTP/HTTPS.o
                0x0000000000012990                Json_main
 .rodata.MakeHttpResponse.str1.4
                0x00000000000129b0      0x13d ./HTTP/HTTPS.o
 *fill*         0x0000000000012aed        0x3 
 .rodata.ParseHttpRequest.str1.4
                0x0000000000012af0       0x1a ./HTTP/HTTPS.o
 *fill*         0x0000000000012b0a        0x2 
 .rodata.ParseURLType.str1.4
                0x0000000000012b0c       0x2e ./HTTP/HTTPS.o
 *fill*         0x0000000000012b3a        0x2 
 .rodata.Refresh_Basic.str1.4
                0x0000000000012b3c       0x76 ./HTTP/HTTPS.o
                                         0x8e (size before relaxing)
 *fill*         0x0000000000012bb2        0x2 
 .rodata.Refresh_Html.str1.4
                0x0000000000012bb4        0x4 ./HTTP/HTTPS.o
 .rodata.Refresh_Login.str1.4
                0x0000000000012bb8       0x26 ./HTTP/HTTPS.o
 *fill*         0x0000000000012bde        0x2 
 .rodata.Refresh_Port.str1.4
                0x0000000000012be0       0x66 ./HTTP/HTTPS.o
 *fill*         0x0000000000012c46        0x2 
 .rodata.Web_Server.str1.4
                0x0000000000012c48       0x86 ./HTTP/HTTPS.o
 *fill*         0x0000000000012cce        0x2 
 .rodata.ErrTable
                0x0000000000012cd0       0x10 C:\CH\CH32V307EVT\EVT\EXAM\ETH\NetLib\libwchnet.a(socket.o)
                0x0000000000012cd0                ErrTable
 .rodata.tcp_close
                0x0000000000012ce0       0x20 C:\CH\CH32V307EVT\EVT\EXAM\ETH\NetLib\libwchnet.a(tcp.o)
 .rodata.tcp_backoff
                0x0000000000012d00        0xd C:\CH\CH32V307EVT\EVT\EXAM\ETH\NetLib\libwchnet.a(tcp.o)
                0x0000000000012d00                tcp_backoff
 *fill*         0x0000000000012d0d        0x3 
 .rodata.tcp_input
                0x0000000000012d10       0x20 C:\CH\CH32V307EVT\EVT\EXAM\ETH\NetLib\libwchnet.a(tcp_in.o)
 .rodata.print.str1.4
                0x0000000000012d30        0x7 c:/mounriver/mounriver_studio/toolchain/risc-v embedded gcc/bin/../lib/gcc/riscv-none-embed/8.2.0/../../../../riscv-none-embed/lib/rv32imacxw/ilp32\libprintf.a(wchprintf.o)
 *fill*         0x0000000000012d37        0x1 
 .rodata._setlocale_r.str1.4
                0x0000000000012d38        0xc c:/mounriver/mounriver_studio/toolchain/risc-v embedded gcc/bin/../lib/gcc/riscv-none-embed/8.2.0/../../../../riscv-none-embed/lib/rv32imacxw/ilp32\libg_nano.a(lib_a-locale.o)
                                          0xd (size before relaxing)
 .rodata.str1.4
                0x0000000000012d44        0x2 c:/mounriver/mounriver_studio/toolchain/risc-v embedded gcc/bin/../lib/gcc/riscv-none-embed/8.2.0/../../../../riscv-none-embed/lib/rv32imacxw/ilp32\libg_nano.a(lib_a-locale.o)
 .rodata._ctype_
                0x0000000000012d44      0x101 c:/mounriver/mounriver_studio/toolchain/risc-v embedded gcc/bin/../lib/gcc/riscv-none-embed/8.2.0/../../../../riscv-none-embed/lib/rv32imacxw/ilp32\libg_nano.a(lib_a-ctype_.o)
                0x0000000000012d44                _ctype_
 *(.gnu.linkonce.t.*)
                0x0000000000012e48                . = ALIGN (0x4)
 *fill*         0x0000000000012e45        0x3 

.rela.dyn       0x0000000000012e48        0x0
 .rela.text.HardFault_Handler
                0x0000000000012e48        0x0 ./User/ch32v30x_it.o
 .rela.text.mStopIfError
                0x0000000000012e48        0x0 ./User/ch32v30x_it.o
 .rela.text.WCHNET_CreateTcpSocketListen
                0x0000000000012e48        0x0 ./User/ch32v30x_it.o
 .rela.text.WCHNET_CreateCfgSocket
                0x0000000000012e48        0x0 ./User/ch32v30x_it.o
 .rela.text.WCHNET_HandleSockInt
                0x0000000000012e48        0x0 ./User/ch32v30x_it.o
 .rela.text.startup.main
                0x0000000000012e48        0x0 ./User/ch32v30x_it.o
 .rela.init     0x0000000000012e48        0x0 ./User/ch32v30x_it.o
 .rela.vector   0x0000000000012e48        0x0 ./User/ch32v30x_it.o
 .rela.text.handle_reset
                0x0000000000012e48        0x0 ./User/ch32v30x_it.o
 .rela.text.Refresh_Basic
                0x0000000000012e48        0x0 ./User/ch32v30x_it.o
 .rela.text.Refresh_Port
                0x0000000000012e48        0x0 ./User/ch32v30x_it.o
 .rela.text.Refresh_Login
                0x0000000000012e48        0x0 ./User/ch32v30x_it.o
 .rela.text.Init_Para_Tab
                0x0000000000012e48        0x0 ./User/ch32v30x_it.o
 .rela.text._sbrk
                0x0000000000012e48        0x0 ./User/ch32v30x_it.o
 .rela.sdata.curbrk.5601
                0x0000000000012e48        0x0 ./User/ch32v30x_it.o
 .rela.text.prints
                0x0000000000012e48        0x0 ./User/ch32v30x_it.o
 .rela.text.printInt
                0x0000000000012e48        0x0 ./User/ch32v30x_it.o
 .rela.text.print
                0x0000000000012e48        0x0 ./User/ch32v30x_it.o
 .rela.text.printf
                0x0000000000012e48        0x0 ./User/ch32v30x_it.o
 .rela.text.snprintf
                0x0000000000012e48        0x0 ./User/ch32v30x_it.o
 .rela.data.impure_data
                0x0000000000012e48        0x0 ./User/ch32v30x_it.o
 .rela.text._sbrk_r
                0x0000000000012e48        0x0 ./User/ch32v30x_it.o

.fini           0x0000000000012e48        0x0
 *(SORT_NONE(.fini))
                0x0000000000012e48                . = ALIGN (0x4)
                [!provide]                        PROVIDE (_etext = .)
                [!provide]                        PROVIDE (_eitcm = .)

.preinit_array  0x0000000000012e48        0x0
                [!provide]                        PROVIDE (__preinit_array_start = .)
 *(.preinit_array)
                [!provide]                        PROVIDE (__preinit_array_end = .)

.init_array     0x0000000000012e48        0x0
                [!provide]                        PROVIDE (__init_array_start = .)
 *(SORT_BY_INIT_PRIORITY(.init_array.*) SORT_BY_INIT_PRIORITY(.ctors.*))
 *(.init_array EXCLUDE_FILE(*crtend?.o *crtend.o *crtbegin?.o *crtbegin.o) .ctors)
                [!provide]                        PROVIDE (__init_array_end = .)

.fini_array     0x0000000000012e48        0x0
                [!provide]                        PROVIDE (__fini_array_start = .)
 *(SORT_BY_INIT_PRIORITY(.fini_array.*) SORT_BY_INIT_PRIORITY(.dtors.*))
 *(.fini_array EXCLUDE_FILE(*crtend?.o *crtend.o *crtbegin?.o *crtbegin.o) .dtors)
                [!provide]                        PROVIDE (__fini_array_end = .)

.ctors
 *crtbegin.o(.ctors)
 *crtbegin?.o(.ctors)
 *(EXCLUDE_FILE(*crtend?.o *crtend.o) .ctors)
 *(SORT_BY_NAME(.ctors.*))
 *(.ctors)

.dtors
 *crtbegin.o(.dtors)
 *crtbegin?.o(.dtors)
 *(EXCLUDE_FILE(*crtend?.o *crtend.o) .dtors)
 *(SORT_BY_NAME(.dtors.*))
 *(.dtors)

.dalign         0x0000000020000000        0x0 load address 0x0000000000012e48
                0x0000000020000000                . = ALIGN (0x4)
                0x0000000020000000                PROVIDE (_data_vma = .)

.dlalign        0x0000000000012e48        0x0
                0x0000000000012e48                . = ALIGN (0x4)
                0x0000000000012e48                PROVIDE (_data_lma = .)

.data           0x0000000020000000      0x278 load address 0x0000000000012e48
 *(.gnu.linkonce.r.*)
 *(.data .data.*)
 .data.AHBPrescTable
                0x0000000020000000       0x10 ./User/system_ch32v30x.o
                0x0000000020000000                AHBPrescTable
 .data.APBAHBPrescTable
                0x0000000020000010       0x10 ./Peripheral/src/ch32v30x_rcc.o
 .data.Basic_Default
                0x0000000020000020       0x14 ./HTTP/HTTPS.o
                0x0000000020000020                Basic_Default
 .data.Login_Default
                0x0000000020000034       0x16 ./HTTP/HTTPS.o
                0x0000000020000034                Login_Default
 *fill*         0x000000002000004a        0x2 
 .data.Port_Default
                0x000000002000004c        0xb ./HTTP/HTTPS.o
                0x000000002000004c                Port_Default
 *fill*         0x0000000020000057        0x1 
 .data.impure_data
                0x0000000020000058       0x60 c:/mounriver/mounriver_studio/toolchain/risc-v embedded gcc/bin/../lib/gcc/riscv-none-embed/8.2.0/../../../../riscv-none-embed/lib/rv32imacxw/ilp32\libg_nano.a(lib_a-impure.o)
 .data.__global_locale
                0x00000000200000b8      0x16c c:/mounriver/mounriver_studio/toolchain/risc-v embedded gcc/bin/../lib/gcc/riscv-none-embed/8.2.0/../../../../riscv-none-embed/lib/rv32imacxw/ilp32\libg_nano.a(lib_a-locale.o)
                0x00000000200000b8                __global_locale
 *(.gnu.linkonce.d.*)
                0x0000000020000228                . = ALIGN (0x8)
 *fill*         0x0000000020000224        0x4 
                0x0000000020000a28                PROVIDE (__global_pointer$ = (. + 0x800))
 *(.sdata .sdata.*)
 .sdata.SystemCoreClock
                0x0000000020000228        0x4 ./User/system_ch32v30x.o
                0x0000000020000228                SystemCoreClock
 .sdata.ADCPrescTable
                0x000000002000022c        0x4 ./Peripheral/src/ch32v30x_rcc.o
 .sdata.LinkTaskPeriod
                0x0000000020000230        0x1 ./NetLib/eth_driver_10M.o
                0x0000000020000230                LinkTaskPeriod
 .sdata.phyPN   0x0000000020000231        0x1 ./NetLib/eth_driver_10M.o
                0x0000000020000231                phyPN
 *fill*         0x0000000020000232        0x2 
 .sdata.curbrk.5601
                0x0000000020000234        0x4 ./Debug/debug.o
 .sdata.arp_table
                0x0000000020000238        0x4 C:\CH\CH32V307EVT\EVT\EXAM\ETH\NetLib\libwchnet.a(etharp.o)
                0x0000000020000238                arp_table
 .sdata.xid.3256
                0x000000002000023c        0x4 C:\CH\CH32V307EVT\EVT\EXAM\ETH\NetLib\libwchnet.a(dhcp.o)
 .sdata.memp_num
                0x0000000020000240        0x4 C:\CH\CH32V307EVT\EVT\EXAM\ETH\NetLib\libwchnet.a(memp.o)
                0x0000000020000240                memp_num
 .sdata.memp_sizes
                0x0000000020000244        0x4 C:\CH\CH32V307EVT\EVT\EXAM\ETH\NetLib\libwchnet.a(memp.o)
                0x0000000020000244                memp_sizes
 .sdata.iss.3186
                0x0000000020000248        0x4 C:\CH\CH32V307EVT\EVT\EXAM\ETH\NetLib\libwchnet.a(tcp.o)
 .sdata.port.3018
                0x000000002000024c        0x2 C:\CH\CH32V307EVT\EVT\EXAM\ETH\NetLib\libwchnet.a(tcp.o)
 *fill*         0x000000002000024e        0x2 
 .sdata._impure_ptr
                0x0000000020000250        0x4 c:/mounriver/mounriver_studio/toolchain/risc-v embedded gcc/bin/../lib/gcc/riscv-none-embed/8.2.0/../../../../riscv-none-embed/lib/rv32imacxw/ilp32\libg_nano.a(lib_a-impure.o)
                0x0000000020000250                _impure_ptr
 *(.sdata2.*)
 .sdata2.ethbroadcast
                0x0000000020000254        0x6 C:\CH\CH32V307EVT\EVT\EXAM\ETH\NetLib\libwchnet.a(etharp.o)
                0x0000000020000254                ethbroadcast
 *fill*         0x000000002000025a        0x2 
 .sdata2.ethzero
                0x000000002000025c        0x6 C:\CH\CH32V307EVT\EVT\EXAM\ETH\NetLib\libwchnet.a(etharp.o)
                0x000000002000025c                ethzero
 *fill*         0x0000000020000262        0x2 
 .sdata2.ip_addr_any
                0x0000000020000264        0x4 C:\CH\CH32V307EVT\EVT\EXAM\ETH\NetLib\libwchnet.a(ip_addr.o)
                0x0000000020000264                ip_addr_any
 .sdata2.ip_addr_broadcast
                0x0000000020000268        0x4 C:\CH\CH32V307EVT\EVT\EXAM\ETH\NetLib\libwchnet.a(ip_addr.o)
                0x0000000020000268                ip_addr_broadcast
 .sdata2.tcp_persist_backoff
                0x000000002000026c        0x7 C:\CH\CH32V307EVT\EVT\EXAM\ETH\NetLib\libwchnet.a(tcp.o)
                0x000000002000026c                tcp_persist_backoff
 *(.gnu.linkonce.s.*)
                0x0000000020000278                . = ALIGN (0x8)
 *fill*         0x0000000020000273        0x5 
 *(.srodata.cst16)
 *(.srodata.cst8)
 *(.srodata.cst4)
 *(.srodata.cst2)
 *(.srodata .srodata.*)
                0x0000000020000278                . = ALIGN (0x4)
                0x0000000020000278                PROVIDE (_edata = .)

.bss            0x0000000020000278     0xbaf4 load address 0x00000000000130c0
                0x0000000020000278                . = ALIGN (0x4)
                0x0000000020000278                PROVIDE (_sbss = .)
 *(.sbss*)
 .sbss.DESPORT  0x0000000020000278        0x2 ./User/main.o
                0x0000000020000278                DESPORT
 *fill*         0x000000002000027a        0x2 
 .sbss.GWIPAddr
                0x000000002000027c        0x4 ./User/main.o
                0x000000002000027c                GWIPAddr
 .sbss.IPAddr   0x0000000020000280        0x4 ./User/main.o
                0x0000000020000280                IPAddr
 .sbss.IPMask   0x0000000020000284        0x4 ./User/main.o
                0x0000000020000284                IPMask
 .sbss.MACAddr  0x0000000020000288        0x6 ./User/main.o
                0x0000000020000288                MACAddr
 .sbss.SRCPORT  0x000000002000028e        0x2 ./User/main.o
                0x000000002000028e                SRCPORT
 .sbss.SocketId
                0x0000000020000290        0x1 ./User/main.o
                0x0000000020000290                SocketId
 .sbss.SocketIdForListen
                0x0000000020000291        0x1 ./User/main.o
                0x0000000020000291                SocketIdForListen
 *fill*         0x0000000020000292        0x2 
 .sbss.DMARxDescToGet
                0x0000000020000294        0x4 ./Peripheral/src/ch32v30x_eth.o
                0x0000000020000294                DMARxDescToGet
 .sbss.DMATxDescToSet
                0x0000000020000298        0x4 ./Peripheral/src/ch32v30x_eth.o
                0x0000000020000298                DMATxDescToSet
 .sbss.ChipId   0x000000002000029c        0x4 ./NetLib/eth_driver_10M.o
                0x000000002000029c                ChipId
 .sbss.DuplexMode
                0x00000000200002a0        0x1 ./NetLib/eth_driver_10M.o
                0x00000000200002a0                DuplexMode
 *fill*         0x00000000200002a1        0x3 
 .sbss.LinkSuccTime
                0x00000000200002a4        0x4 ./NetLib/eth_driver_10M.o
                0x00000000200002a4                LinkSuccTime
 .sbss.LocalTime
                0x00000000200002a8        0x4 ./NetLib/eth_driver_10M.o
                0x00000000200002a8                LocalTime
 .sbss.PhyPolarityDetect
                0x00000000200002ac        0x1 ./NetLib/eth_driver_10M.o
                0x00000000200002ac                PhyPolarityDetect
 *fill*         0x00000000200002ad        0x3 
 .sbss.RandVal  0x00000000200002b0        0x4 ./NetLib/eth_driver_10M.o
                0x00000000200002b0                RandVal
 .sbss.ReInitMACFlag
                0x00000000200002b4        0x1 ./NetLib/eth_driver_10M.o
                0x00000000200002b4                ReInitMACFlag
 .sbss.TRDetectCnt
                0x00000000200002b5        0x1 ./NetLib/eth_driver_10M.o
                0x00000000200002b5                TRDetectCnt
 .sbss.TRDetectStep
                0x00000000200002b6        0x1 ./NetLib/eth_driver_10M.o
                0x00000000200002b6                TRDetectStep
 *fill*         0x00000000200002b7        0x1 
 .sbss.gPHYAddress
                0x00000000200002b8        0x2 ./NetLib/eth_driver_10M.o
                0x00000000200002b8                gPHYAddress
 *fill*         0x00000000200002ba        0x2 
 .sbss.pDMARxSet
                0x00000000200002bc        0x4 ./NetLib/eth_driver_10M.o
                0x00000000200002bc                pDMARxSet
 .sbss.pDMATxSet
                0x00000000200002c0        0x4 ./NetLib/eth_driver_10M.o
                0x00000000200002c0                pDMATxSet
 .sbss.phyLinkCnt
                0x00000000200002c4        0x1 ./NetLib/eth_driver_10M.o
                0x00000000200002c4                phyLinkCnt
 .sbss.phyLinkReset
                0x00000000200002c5        0x1 ./NetLib/eth_driver_10M.o
                0x00000000200002c5                phyLinkReset
 .sbss.phyLinkStatus
                0x00000000200002c6        0x1 ./NetLib/eth_driver_10M.o
                0x00000000200002c6                phyLinkStatus
 *fill*         0x00000000200002c7        0x1 
 .sbss.phyLinkTime
                0x00000000200002c8        0x4 ./NetLib/eth_driver_10M.o
                0x00000000200002c8                phyLinkTime
 .sbss.phyStatus
                0x00000000200002cc        0x1 ./NetLib/eth_driver_10M.o
                0x00000000200002cc                phyStatus
 .sbss.phySucCnt
                0x00000000200002cd        0x1 ./NetLib/eth_driver_10M.o
                0x00000000200002cd                phySucCnt
 *fill*         0x00000000200002ce        0x2 
 .sbss.name     0x00000000200002d0        0x4 ./HTTP/HTTPS.o
                0x00000000200002d0                name
 .sbss.socket   0x00000000200002d4        0x1 ./HTTP/HTTPS.o
                0x00000000200002d4                socket
 *fill*         0x00000000200002d5        0x1 
 .sbss.p_ms     0x00000000200002d6        0x2 ./Debug/debug.o
 .sbss.p_us     0x00000000200002d8        0x1 ./Debug/debug.o
 *fill*         0x00000000200002d9        0x3 
 .sbss.ARPTimer
                0x00000000200002dc        0x4 C:\CH\CH32V307EVT\EVT\EXAM\ETH\NetLib\libwchnet.a(eth_api.o)
                0x00000000200002dc                ARPTimer
 .sbss.ArpCheckTime
                0x00000000200002e0        0x4 C:\CH\CH32V307EVT\EVT\EXAM\ETH\NetLib\libwchnet.a(eth_api.o)
                0x00000000200002e0                ArpCheckTime
 .sbss.DHCPcoarseTimer
                0x00000000200002e4        0x4 C:\CH\CH32V307EVT\EVT\EXAM\ETH\NetLib\libwchnet.a(eth_api.o)
                0x00000000200002e4                DHCPcoarseTimer
 .sbss.DHCPfineTimer
                0x00000000200002e8        0x4 C:\CH\CH32V307EVT\EVT\EXAM\ETH\NetLib\libwchnet.a(eth_api.o)
                0x00000000200002e8                DHCPfineTimer
 .sbss.DNSTimer
                0x00000000200002ec        0x4 C:\CH\CH32V307EVT\EVT\EXAM\ETH\NetLib\libwchnet.a(eth_api.o)
                0x00000000200002ec                DNSTimer
 .sbss.IPFragTimer
                0x00000000200002f0        0x4 C:\CH\CH32V307EVT\EVT\EXAM\ETH\NetLib\libwchnet.a(eth_api.o)
                0x00000000200002f0                IPFragTimer
 .sbss.TCPTimer
                0x00000000200002f4        0x4 C:\CH\CH32V307EVT\EVT\EXAM\ETH\NetLib\libwchnet.a(eth_api.o)
                0x00000000200002f4                TCPTimer
 .sbss.TxTimer  0x00000000200002f8        0x4 C:\CH\CH32V307EVT\EVT\EXAM\ETH\NetLib\libwchnet.a(eth_api.o)
                0x00000000200002f8                TxTimer
 .sbss.phydatatime
                0x00000000200002fc        0x4 C:\CH\CH32V307EVT\EVT\EXAM\ETH\NetLib\libwchnet.a(eth_api.o)
                0x00000000200002fc                phydatatime
 .sbss.SockNumber
                0x0000000020000300        0x1 C:\CH\CH32V307EVT\EVT\EXAM\ETH\NetLib\libwchnet.a(socket.o)
                0x0000000020000300                SockNumber
 .sbss.phydata  0x0000000020000301        0x1 C:\CH\CH32V307EVT\EVT\EXAM\ETH\NetLib\libwchnet.a(socket.o)
                0x0000000020000301                phydata
 *fill*         0x0000000020000302        0x2 
 .sbss.tcpSendAckFlag
                0x0000000020000304        0x4 C:\CH\CH32V307EVT\EVT\EXAM\ETH\NetLib\libwchnet.a(socket.o)
                0x0000000020000304                tcpSendAckFlag
 .sbss.etharp_cached_entry
                0x0000000020000308        0x1 C:\CH\CH32V307EVT\EVT\EXAM\ETH\NetLib\libwchnet.a(etharp.o)
 *fill*         0x0000000020000309        0x3 
 .sbss.frame    0x000000002000030c        0x8 C:\CH\CH32V307EVT\EVT\EXAM\ETH\NetLib\libwchnet.a(ethernetif.o)
                0x000000002000030c                frame
 .sbss.ip_id.2936
                0x0000000020000314        0x2 C:\CH\CH32V307EVT\EVT\EXAM\ETH\NetLib\libwchnet.a(ip.o)
 .sbss.ip_reass_pbufcount
                0x0000000020000316        0x2 C:\CH\CH32V307EVT\EVT\EXAM\ETH\NetLib\libwchnet.a(ip_frag.o)
 .sbss.reassdatagrams
                0x0000000020000318        0x4 C:\CH\CH32V307EVT\EVT\EXAM\ETH\NetLib\libwchnet.a(ip_frag.o)
 .sbss.lfree    0x000000002000031c        0x4 C:\CH\CH32V307EVT\EVT\EXAM\ETH\NetLib\libwchnet.a(mem.o)
 .sbss.ram      0x0000000020000320        0x4 C:\CH\CH32V307EVT\EVT\EXAM\ETH\NetLib\libwchnet.a(mem.o)
 .sbss.ram_end  0x0000000020000324        0x4 C:\CH\CH32V307EVT\EVT\EXAM\ETH\NetLib\libwchnet.a(mem.o)
 .sbss.netif_default
                0x0000000020000328        0x4 C:\CH\CH32V307EVT\EVT\EXAM\ETH\NetLib\libwchnet.a(netif.o)
                0x0000000020000328                netif_default
 .sbss.netif_list
                0x000000002000032c        0x4 C:\CH\CH32V307EVT\EVT\EXAM\ETH\NetLib\libwchnet.a(netif.o)
                0x000000002000032c                netif_list
 .sbss.netifnum.2471